▶ PythonSyntaxValidation - интеграционные тесты
  ▶ generateKeyboard
    ✔ должен генерировать валидный Python код для inline клавиатуры (617.68ms)
    ✔ должен генерировать валидный Python код для reply клавиатуры (146.7111ms)
  ✔ generateKeyboard (765.9762ms)
  ▶ generateStart
    ✔ должен генерировать валидный Python код для start обработчика (165.0438ms)
  ✔ generateStart (165.3737ms)
  ▶ generateCommand
    ✔ должен генерировать валидный Python код для command обработчика (151.2601ms)
  ✔ generateCommand (151.5506ms)
  ▶ generateMessage
    ✔ должен генерировать валидный Python код для message обработчика (155.174ms)
    ✔ должен генерировать валидный Python код для message обработчика с синонимами (142.2664ms)
  ✔ generateMessage (298.1061ms)
  ▶ generateDatabase
    ✔ должен генерировать валидный Python код для database функций (186.2383ms)
  ✔ generateDatabase (186.6149ms)
  ▶ generateUtils
    ✔ должен генерировать валидный Python код для utils функций (141.2287ms)
  ✔ generateUtils (141.7003ms)
  ▶ generateImports
    ✔ должен генерировать валидный Python код для imports (137.8107ms)
  ✔ generateImports (138.0428ms)
  ▶ generateConfig
    ✔ должен генерировать валидный Python код для config (173.8699ms)
  ✔ generateConfig (174.1085ms)
  ▶ generateHeader
    ✔ должен генерировать валидный Python код для header (155.9603ms)
  ✔ generateHeader (156.2872ms)
  ▶ generateMain
    ✔ должен генерировать валидный Python код для main (186.4841ms)
  ✔ generateMain (186.7654ms)
  ▶ generateMiddleware
    ✔ должен генерировать валидный Python код для middleware (162.4903ms)
  ✔ generateMiddleware (162.7283ms)
  ▶ generateUniversalHandlers
    ✔ должен генерировать валидный Python код для universal handlers (156.8633ms)
  ✔ generateUniversalHandlers (157.0716ms)
  ▶ generateBroadcast
    ✔ должен генерировать валидный Python код для broadcast (189.8657ms)
  ✔ generateBroadcast (190.1747ms)
  ▶ generateSticker
    ✔ должен генерировать валидный Python код для sticker (167.5856ms)
  ✔ generateSticker (167.855ms)
  ▶ generateVoice
    ✔ должен генерировать валидный Python код для voice (158.249ms)
  ✔ generateVoice (158.5098ms)
  ▶ generateSafeEditOrSend
    ✔ должен генерировать валидный Python код для safe_edit_or_send (154.5706ms)
  ✔ generateSafeEditOrSend (154.8118ms)
  ▶ generateCommandCallbackHandler - спецсимволы в nodeId
    ✔ должен генерировать валидный Python код при дефисе в callbackData (160.7188ms)
    ✔ должен генерировать валидный Python код при точках и спецсимволах в callbackData (159.4849ms)
    ✔ должен генерировать валидный Python код при цифре в начале callbackData (136.7383ms)
  ✔ generateCommandCallbackHandler - спецсимволы в nodeId (457.4825ms)
  ▶ pyflakes - полный собранный файл бота
    ✖ полный минимальный файл бота не должен содержать undefined names (434.6001ms)
  ✖ pyflakes - полный собранный файл бота (971.2456ms)
✖ PythonSyntaxValidation - интеграционные тесты (4905.2781ms)
▶ generateAdminRights
  ✔ должен генерировать валидный Python код для admin-rights (431.0477ms)
✔ generateAdminRights (431.2704ms)
▶ generateAnimationHandler
  ✖ должен генерировать валидный Python код для animation-handler (283.6746ms)
✖ generateAnimationHandler (284.1524ms)
▶ generateAttachedMedia
  ✖ должен генерировать валидный Python код для attached-media (291.3005ms)
✖ generateAttachedMedia (292.1396ms)
▶ generateAttachedMediaVars
  ✖ должен генерировать валидный Python код для attached-media-vars (285.3599ms)
✖ generateAttachedMediaVars (285.781ms)
▶ generateAutoTransition
  ✖ должен генерировать валидный Python код для auto-transition (267.4892ms)
✖ generateAutoTransition (268.0654ms)
▶ generateCallbackHandlerInit
  ✖ должен генерировать валидный Python код для callback-handler-init (258.1263ms)
✖ generateCallbackHandlerInit (258.5321ms)
▶ generateCommandNavigation
  ✖ должен генерировать валидный Python код для command-navigation (244.0173ms)
✖ generateCommandNavigation (244.4976ms)
▶ generateConditionalBranch
  ✖ должен генерировать валидный Python код для conditional-branch (266.7395ms)
✖ generateConditionalBranch (267.208ms)
▶ generateConditionalInputHandler
  ✖ должен генерировать валидный Python код для conditional-input-handler (229.2219ms)
✖ generateConditionalInputHandler (229.9101ms)
▶ generateConditionalMessages
  ✖ должен генерировать валидный Python код для conditional-messages (313.6617ms)
✖ generateConditionalMessages (314.5254ms)
▶ generateCsvSafe
  ✖ должен генерировать валидный Python код для csv-safe (386.1324ms)
✖ generateCsvSafe (386.9947ms)
▶ generateErrorHandler
  ✖ должен генерировать валидный Python код для error-handler (387.7273ms)
✖ generateErrorHandler (389.6015ms)
▶ generateFakeCallback
  ✖ должен генерировать валидный Python код для fake-callback (321.1886ms)
✖ generateFakeCallback (321.7076ms)
▶ generateHandleUserInput
  ✖ должен генерировать валидный Python код для handle-user-input (239.2083ms)
✖ generateHandleUserInput (239.657ms)
▶ generateMediaPathResolve
  ✖ должен генерировать валидный Python код для media-path-resolve (307.9547ms)
✖ generateMediaPathResolve (309.788ms)
▶ generateMediaSaveVars
  ✖ должен генерировать валидный Python код для media-save-vars (310.7149ms)
✖ generateMediaSaveVars (311.598ms)
▶ generateMediaSend
  ✖ должен генерировать валидный Python код для media-send (246.0084ms)
✖ generateMediaSend (246.783ms)
▶ generateMultiselectCheck
  ✖ должен генерировать валидный Python код для multiselect-check (273.0139ms)
✖ generateMultiselectCheck (273.764ms)
▶ generateNavigateToNode
  ✔ должен генерировать валидный Python код для navigate-to-node (289.7405ms)
✔ generateNavigateToNode (289.9712ms)
▶ generateParseMode
  ✖ должен генерировать валидный Python код для parse-mode (html) (203.7147ms)
✖ generateParseMode (204.3109ms)
▶ generateReplyInputHandler
  ✖ должен генерировать валидный Python код для reply-input-handler (251.7993ms)
✖ generateReplyInputHandler (252.5059ms)
▶ generateSkipDataCollection
  ✖ должен генерировать валидный Python код для skip-data-collection (377.9998ms)
✖ generateSkipDataCollection (379.451ms)
▶ generateSynonyms
  ✔ должен генерировать валидный Python код для synonyms (350.3303ms)
✔ generateSynonyms (350.6381ms)
▶ generateUserHandler
  ✔ должен генерировать валидный Python код для user-handler (ban_user) (399.2274ms)
✔ generateUserHandler (399.6271ms)
▶ generateUserVariablesFunc
  ✔ должен генерировать валидный Python код для user-variables-func (405.8259ms)
✔ generateUserVariablesFunc (406.1315ms)
▶ generateButtonResponse
  ✔ должен генерировать валидный Python код для button-response (212.7691ms)
✔ generateButtonResponse (213.0243ms)
▶ generateMultiSelectCallback
  ✔ должен генерировать валидный Python код для multi-select-callback (228.723ms)
✔ generateMultiSelectCallback (228.9683ms)
▶ generateReplyButtonHandlers
  ✔ должен генерировать валидный Python код для reply-button-handlers (195.4712ms)
✔ generateReplyButtonHandlers (195.8763ms)
▶ voice.py.jinja2 шаблон
  ▶ generateVoice()
    ▶ Валидные данные
      ✔ должен генерировать обработчик голосового сообщения с подписью и длительностью (16.2845ms)
      ✔ должен генерировать обработчик только с URL (0.4862ms)
      ✔ должен генерировать обработчик с длительностью (0.461ms)
      ✔ должен генерировать обработчик с disable_notification (0.2384ms)
      ✔ должен включать замену переменных в подписи (0.6009ms)
      ✔ должен включать обработку ошибок (1.1097ms)
      ✔ должен проверять наличие voice_url (0.7721ms)
      ✔ должен скачивать голосовое сообщение через aiohttp (0.4304ms)
    ✔ Валидные данные (22.2654ms)
    ▶ Невалидные данные
      ✔ должен отклонять параметры с неправильным типом (1.7201ms)
      ✔ должен отклонять параметры с отсутствующим полем (0.5244ms)
      ✔ должен отклонять string вместо boolean (0.3492ms)
      ✔ должен отклонять string вместо number для mediaDuration (0.5119ms)
    ✔ Невалидные данные (3.507ms)
    ▶ Граничные случаи
      ✔ должен принимать undefined для voiceUrl (0.9527ms)
      ✔ должен принимать undefined для mediaCaption (0.5518ms)
      ✔ должен принимать undefined для disableNotification (0.4276ms)
      ✔ должен использовать undefined для mediaDuration по умолчанию (0.2181ms)
      ✔ должен генерировать разные команды для разных nodeId (1.1114ms)
      ✔ должен включать duration только при наличии mediaDuration (0.4697ms)
    ✔ Граничные случаи (4.2958ms)
    ▶ Производительность
      ✔ должен генерировать код быстрее 10ms (0.3266ms)
      ✔ должен генерировать код 1000 раз быстрее 100ms (26.9924ms)
    ✔ Производительность (27.5768ms)
  ✔ generateVoice() (58.8549ms)
  ▶ voiceParamsSchema
    ▶ Валидация типов
      ✔ должен принимать все поля корректных типов (0.4995ms)
      ✔ должен отклонять string вместо boolean (0.4886ms)
      ✔ должен отклонять string вместо number для mediaDuration (0.2045ms)
      ✔ должен принимать undefined для mediaDuration (0.1797ms)
      ✔ должен принимать undefined для всех опциональных полей (0.1823ms)
    ✔ Валидация типов (1.8085ms)
    ▶ Структура схемы
      ✔ должен иметь 5 полей (0.3127ms)
      ✔ должен использовать ZodOptional для voiceUrl (0.2363ms)
      ✔ должен использовать ZodOptional для mediaDuration (0.1325ms)
      ✔ должен использовать ZodOptional для disableNotification (0.1348ms)
    ✔ Структура схемы (1.0126ms)
  ✔ voiceParamsSchema (3.1646ms)
✔ voice.py.jinja2 шаблон (62.7249ms)
▶ utils.py.jinja2 шаблон
  ▶ generateUtils()
    ▶ Валидные данные
      ✔ должен генерировать утилиты с check_auth для БД (10.7602ms)
      ✔ должен генерировать утилиты без БД (0.412ms)
      ✔ должен включать is_private_chat (0.3049ms)
      ✔ должен включать get_user_variables (0.3257ms)
    ✔ Валидные данные (12.5842ms)
    ▶ Невалидные данные
      ✔ должен отклонять параметры с неправильным типом (0.8985ms)
      ✔ должен использовать значения по умолчанию (0.2848ms)
      ✔ должен отклонять string вместо boolean (0.1528ms)
      ✔ должен отклонять null вместо boolean (0.348ms)
    ✔ Невалидные данные (1.9929ms)
    ▶ Граничные случаи
      ✔ должен включать get_user_from_db при userDatabaseEnabled=true (0.6835ms)
      ✔ должен включать ADMIN_IDS (0.6124ms)
      ✔ должен включать docstring для get_user_variables (0.2595ms)
      ✔ должен всегда включать is_admin (0.2511ms)
      ✔ должен включать from aiogram import types (0.2526ms)
    ✔ Граничные случаи (2.3604ms)
    ▶ Производительность
      ✔ должен генерировать код быстрее 10ms (0.3615ms)
      ✔ должен генерировать код 1000 раз быстрее 100ms (14.0635ms)
    ✔ Производительность (14.5863ms)
  ✔ generateUtils() (32.0057ms)
  ▶ utilsParamsSchema
    ▶ Валидация типов
      ✔ должен принимать boolean поле (0.3859ms)
      ✔ должен отклонять string вместо boolean (0.2155ms)
      ✔ должен отклонять number вместо boolean (0.4395ms)
      ✔ должен отклонять null (0.2254ms)
      ✔ должен отклонять undefined (0.1039ms)
    ✔ Валидация типов (1.6561ms)
    ▶ Значения по умолчанию
      ✔ должен принимать false по умолчанию (0.1971ms)
    ✔ Значения по умолчанию (0.2794ms)
    ▶ Структура схемы
      ✔ должен иметь 1 поле (0.1355ms)
      ✔ должен использовать ZodOptional (0.111ms)
    ✔ Структура схемы (0.3345ms)
  ✔ utilsParamsSchema (2.4908ms)
✔ utils.py.jinja2 шаблон (34.9847ms)
▶ user-variables-func.py.jinja2 шаблон
  ▶ generateGetUserVariablesFunction()
    ▶ Базовая генерация
      ✔ должен генерировать функцию без параметров (12.6698ms)
      ✔ должен генерировать return с user_data.get (0.5436ms)
      ✔ должен содержать docstring (0.4706ms)
      ✔ должен содержать Args и Returns в docstring (0.3656ms)
    ✔ Базовая генерация (15.3574ms)
    ▶ Отступы
      ✔ должен генерировать без отступа по умолчанию (1.173ms)
      ✔ должен генерировать с отступом 4 пробела (0.692ms)
      ✔ должен генерировать с отступом 8 пробелов (0.2914ms)
      ✔ пустой indentLevel эквивалентен отсутствию параметра (1.176ms)
      ✔ тело функции должно иметь дополнительный отступ относительно def (0.6674ms)
    ✔ Отступы (5.0918ms)
    ▶ Корректность Python-кода
      ✔ не должен содержать синтаксических артефактов Jinja2 (0.6895ms)
      ✔ должен содержать только одно определение функции (0.4681ms)
      ✔ должен содержать только один return (0.5022ms)
    ✔ Корректность Python-кода (1.9513ms)
    ▶ Производительность
      ✔ должен генерировать код быстрее 10ms (0.3968ms)
      ✔ должен генерировать 1000 раз быстрее 500ms (17.7005ms)
    ✔ Производительность (18.6088ms)
  ✔ generateGetUserVariablesFunction() (41.9179ms)
  ▶ userVariablesFuncParamsSchema
    ✔ должен принимать пустой объект (0.7027ms)
    ✔ должен использовать пустую строку как default для indentLevel (0.6443ms)
    ✔ должен принимать строку для indentLevel (0.4294ms)
    ✔ должен отклонять число вместо строки для indentLevel (1.4811ms)
  ✔ userVariablesFuncParamsSchema (3.6872ms)
✔ user-variables-func.py.jinja2 шаблон (46.2553ms)
▶ generateUserInput()
  ✔ генерирует waiting_for_input блок (16.8153ms)
  ✔ содержит правильный node_id (0.4872ms)
  ✔ содержит next_node_id (0.3588ms)
  ✔ пустой next_node_id если не задан (0.251ms)
  ✔ содержит validation_type email (0.3011ms)
  ✔ содержит min_length и max_length (0.2401ms)
  ✔ appendVariable=True в Python (0.2967ms)
  ✔ appendVariable=False по умолчанию (0.2738ms)
  ✔ modes содержит только text для текстового ввода (0.5064ms)
  ✔ modes содержит photo для фото ввода (0.6673ms)
  ✔ modes содержит несколько типов для мультимедиа (0.5771ms)
  ✔ photo_variable добавляется при enablePhotoInput (0.5658ms)
  ✔ video_variable добавляется при enableVideoInput (0.4855ms)
  ✔ содержит logging.info с именем переменной (0.3207ms)
  ✔ save_to_database=True (0.1684ms)
  ✔ save_to_database=False (0.1605ms)
  ✔ inputType button → type=button в Python (0.2715ms)
  ✔ inputType button + enableTextInput → modes=[button, text] (0.1788ms)
  ✔ skip_buttons добавляется в блок (0.1731ms)
  ✔ skip_buttons отсутствует если пустой массив (0.1553ms)
  ✔ дефолт inputVariable = "input" (совпадает с реальным кодом) (0.2019ms)
✔ generateUserInput() (25.265ms)
▶ userInputParamsSchema
  ✔ принимает минимальные параметры (0.2387ms)
  ✔ принимает полные параметры с валидацией (0.1549ms)
  ✔ принимает мультимедиа параметры (0.1259ms)
  ✔ отклоняет параметры без nodeId (0.569ms)
  ✔ применяет дефолты для необязательных полей (0.149ms)
✔ userInputParamsSchema (1.444ms)
▶ nodeToUserInputParams()
  ✔ извлекает inputVariable из node.data (0.3053ms)
  ✔ извлекает inputTargetNodeId (0.1282ms)
  ✔ извлекает enablePhotoInput (1.7421ms)
  ✔ извлекает validationType (0.4187ms)
  ✔ генерирует safeName из nodeId (0.1576ms)
  ✔ дефолт inputVariable если не задан (0.1978ms)
✔ nodeToUserInputParams() (3.3767ms)
▶ nodeHasUserInput()
  ✔ возвращает true если collectUserInput=true (0.2858ms)
  ✔ возвращает false если collectUserInput=false (0.0823ms)
  ✔ фильтрует узлы с вводом из массива (0.0884ms)
✔ nodeHasUserInput() (0.6097ms)
▶ generateUserInputFromNode()
  ✔ генерирует код из узла с текстовым вводом (0.3332ms)
  ✔ генерирует код из узла с email валидацией (0.1885ms)
  ✔ генерирует код из узла с фото вводом (0.273ms)
  ✔ генерирует код из узла с мультимедиа (0.1917ms)
  ✔ генерирует type=button для узла с кнопками (0.2591ms)
✔ generateUserInputFromNode() (1.4123ms)
▶ Производительность
  ✔ generateUserInput: быстрее 10ms (0.217ms)
  ✔ generateUserInputFromNode: быстрее 10ms (0.1712ms)
✔ Производительность (0.5274ms)
▶ ban_user
  ✔ генерирует command handler /ban_user (33.8041ms)
  ✔ бессрочный бан: ban_chat_member без until_date (1.0627ms)
  ✔ временный бан: содержит until_date (0.3915ms)
  ✔ генерирует synonym handler с синонимами (0.4414ms)
  ✔ фильтр чата: только группы (0.3313ms)
  ✔ определяет target_user_id через reply и text_mention (0.2298ms)
  ✔ обработка TelegramBadRequest (0.2204ms)
✔ ban_user (38.2316ms)
▶ unban_user
  ✔ вызывает unban_chat_member с only_if_banned=True (0.9436ms)
  ✔ генерирует command handler /unban_user (1.111ms)
✔ unban_user (2.6035ms)
▶ kick_user
  ✔ ban + sleep + unban для кика (0.557ms)
  ✔ targetGroupId: фильтр по конкретной группе (0.2674ms)
✔ kick_user (0.9422ms)
▶ mute_user
  ✔ вызывает restrict_chat_member с ChatPermissions (0.4814ms)
  ✔ вычисляет время из duration (0.2163ms)
  ✔ генерирует оба handler (command + synonym) (0.2371ms)
✔ mute_user (1.0788ms)
▶ unmute_user
  ✔ снимает все ограничения (все True) (0.2111ms)
✔ unmute_user (0.3731ms)
▶ promote_user
  ✔ вызывает promote_chat_member с правами (0.2704ms)
  ✔ canManageTopics включается если задан (0.7652ms)
  ✔ обработка USER_NOT_PARTICIPANT (0.2057ms)
✔ promote_user (1.3622ms)
▶ demote_user
  ✔ снимает все права (все False) (0.4916ms)
✔ demote_user (0.6946ms)
▶ userHandlerParamsSchema
  ✔ принимает валидные параметры ban_user (0.2129ms)
  ✔ принимает все типы узлов (0.425ms)
  ✔ отклоняет неправильный nodeType (0.655ms)
  ✔ отклоняет пустой массив synonyms (0.2147ms)
✔ userHandlerParamsSchema (1.6622ms)
▶ Производительность
  ✔ generateUserHandler: быстрее 10ms (0.2275ms)
✔ Производительность (0.2914ms)
▶ universal-handlers.py.jinja2 шаблон
  ▶ generateUniversalHandlers()
    ▶ Валидные данные
      ✔ должен генерировать fallback_text_handler (6.0315ms)
      ✔ должен генерировать handle_unhandled_photo (0.3501ms)
      ✔ должен включать @dp.message(F.text) (0.1699ms)
      ✔ должен включать @dp.message(F.photo) (0.1819ms)
      ✔ должен включать docstring для fallback_text_handler (0.2281ms)
      ✔ должен игнорировать параметры (всегда одинаковый вывод) (0.2851ms)
    ✔ Валидные данные (8.1184ms)
    ▶ Невалидные данные
      ✔ должен отклонять параметры с неправильным типом (0.884ms)
      ✔ должен использовать значения по умолчанию (0.3528ms)
      ✔ должен отклонять string вместо boolean (0.3511ms)
      ✔ должен отклонять null (0.3466ms)
    ✔ Невалидные данные (2.2625ms)
    ▶ Граничные случаи
      ✔ должен включать logging.info для текста (0.4597ms)
      ✔ должен включать logging.info для фото (0.4498ms)
      ✔ должен включать message.from_user.id (0.2718ms)
      ✔ должен включать message.text (0.2889ms)
    ✔ Граничные случаи (1.6982ms)
    ▶ Производительность
      ✔ должен генерировать код быстрее 10ms (0.2607ms)
      ✔ должен генерировать код 1000 раз быстрее 100ms (8.9003ms)
    ✔ Производительность (9.3347ms)
  ✔ generateUniversalHandlers() (21.9269ms)
  ▶ universalHandlersParamsSchema
    ▶ Валидация типов
      ✔ должен принимать boolean поле (0.3045ms)
      ✔ должен отклонять string вместо boolean (0.1375ms)
      ✔ должен отклонять number вместо boolean (0.1602ms)
      ✔ должен отклонять null (0.1123ms)
    ✔ Валидация типов (0.8528ms)
    ▶ Значения по умолчанию
      ✔ должен принимать false по умолчанию (0.13ms)
    ✔ Значения по умолчанию (0.1968ms)
    ▶ Структура схемы
      ✔ должен иметь 1 поле (0.1834ms)
      ✔ должен использовать ZodOptional (0.1137ms)
    ✔ Структура схемы (0.3833ms)
  ✔ universalHandlersParamsSchema (1.7066ms)
✔ universal-handlers.py.jinja2 шаблон (24.1983ms)
▶ generateSynonyms()
  ✔ пустой массив → пустая строка (1.1636ms)
  ▶ start / command
    ✔ генерирует обработчик для start (31.456ms)
    ✔ генерирует оба синонима start (1.01ms)
    ✔ генерирует обработчик для command (0.5186ms)
    ✔ fallback сообщение содержит оригинальную команду (0.861ms)
  ✔ start / command (34.2612ms)
  ▶ message
    ✔ генерирует MockCallback (0.3912ms)
    ✔ вызывает handle_callback с правильным id (0.3166ms)
    ✔ MockCallback содержит edit_text с fallback (0.3973ms)
  ✔ message (1.4709ms)
  ▶ pin_message / unpin_message / delete_message
    ✔ pin_message: вызывает bot.pin_chat_message (0.4437ms)
    ✔ unpin_message: вызывает bot.unpin_chat_message (0.4958ms)
    ✔ delete_message: вызывает bot.delete_message с кастомным текстом (0.312ms)
    ✔ фильтр чата только для групп (0.2373ms)
    ✔ обработка ошибок TelegramBadRequest (0.1801ms)
    ✔ поддержка reply_to_message и ID из текста (0.1919ms)
  ✔ pin_message / unpin_message / delete_message (2.0867ms)
  ▶ ban_user
    ✔ бессрочный бан: вызывает ban_chat_member без until_date (0.4893ms)
    ✔ временный бан: содержит until_date (0.169ms)
    ✔ фильтр чата только для групп (0.1951ms)
    ✔ определяет target_user_id через reply или ID (0.2163ms)
  ✔ ban_user (1.2363ms)
  ▶ unban_user
    ✔ вызывает unban_chat_member с only_if_banned=True (0.5315ms)
  ✔ unban_user (0.685ms)
  ▶ kick_user
    ✔ ban + unban для кика (0.2538ms)
  ✔ kick_user (0.3404ms)
  ▶ mute_user
    ✔ вызывает restrict_chat_member с ChatPermissions (0.272ms)
    ✔ вычисляет время из duration (0.3061ms)
  ✔ mute_user (0.6718ms)
  ▶ unmute_user
    ✔ снимает все ограничения (0.2108ms)
  ✔ unmute_user (0.2761ms)
  ▶ promote_user
    ✔ вызывает promote_chat_member с правами (0.1984ms)
  ✔ promote_user (0.2666ms)
  ▶ demote_user
    ✔ снимает все права администратора (0.2984ms)
  ✔ demote_user (0.3853ms)
  ▶ admin_rights
    ✔ нет фильтра чата (работает везде) (0.1824ms)
    ✔ создаёт MockCallback и вызывает handle_callback с bot (0.1307ms)
  ✔ admin_rights (0.3962ms)
  ▶ маркеры и структура
    ✔ генерирует NODE_START/NODE_END маркеры (0.2551ms)
    ✔ смешанные типы генерируются вместе (0.254ms)
  ✔ маркеры и структура (0.6815ms)
✔ generateSynonyms() (45.7207ms)
▶ synonymsParamsSchema
  ✔ принимает валидные start параметры (0.1947ms)
  ✔ принимает все user management типы (0.3591ms)
  ✔ отклоняет неправильный nodeType (0.5909ms)
  ✔ принимает пустой массив (0.1024ms)
✔ synonymsParamsSchema (1.39ms)
▶ collectSynonymEntries()
  ✔ собирает start синонимы с functionName и originalCommand (0.3415ms)
  ✔ собирает command синонимы (0.0973ms)
  ✔ собирает message синонимы (0.1513ms)
  ✔ собирает ban_user синонимы с reason и untilDate (0.1265ms)
  ✔ собирает mute_user синонимы с duration и canSendMessages (0.1107ms)
  ✔ собирает promote_user синонимы с правами (0.0986ms)
  ✔ собирает admin_rights синонимы (0.2135ms)
  ✔ фильтрует null узлы и узлы без синонимов (0.1327ms)
  ✔ возвращает пустой массив если нет синонимов (0.1172ms)
  ✔ смешанные узлы: собирает все типы (0.2003ms)
✔ collectSynonymEntries() (1.854ms)
▶ generateSynonymHandlers()
  ✔ пустые узлы → пустая строка (0.199ms)
  ✔ генерирует код из узлов напрямую (0.2539ms)
  ✔ генерирует ban_user из узлов (0.2037ms)
  ✔ генерирует смешанные типы из узлов (0.2684ms)
  ✔ фильтрует null и пустые узлы (0.2314ms)
✔ generateSynonymHandlers() (1.3324ms)
▶ MockCallback — отсутствие дублирования (проблема #5)
  ✔ при одном message-синониме MockCallback определяется ровно один раз (0.2179ms)
  ✔ при нескольких message-синонимах MockCallback не дублируется на каждый (0.1919ms)
  ✔ MockCallback содержит все необходимые методы (0.1478ms)
  ✔ mock_callback создаётся с правильным nodeId (0.1295ms)
✔ MockCallback — отсутствие дублирования (проблема #5) (0.8153ms)
▶ Производительность
  ✔ generateSynonyms: быстрее 10ms (0.2595ms)
  ✔ generateSynonymHandlers: быстрее 10ms (0.2283ms)
✔ Производительность (0.5647ms)
▶ sticker.py.jinja2 шаблон
  ▶ generateSticker()
    ▶ Валидные данные
      ✔ должен генерировать обработчик стикера по file_id (11.2494ms)
      ✔ должен генерировать обработчик стикера по URL (0.4779ms)
      ✔ должен генерировать обработчик стикера из набора (0.2111ms)
      ✔ должен генерировать обработчик с disable_notification (0.1779ms)
      ✔ должен включать замену переменных в подписи (0.2935ms)
      ✔ должен включать обработку ошибок (0.2867ms)
      ✔ должен включать caption при наличии mediaCaption (0.1683ms)
      ✔ должен генерировать сообщение об ошибке при отсутствии стикера (0.1706ms)
    ✔ Валидные данные (14.1389ms)
    ▶ Невалидные данные
      ✔ должен отклонять параметры с неправильным типом (0.9284ms)
      ✔ должен отклонять параметры с отсутствующим полем (0.355ms)
      ✔ должен отклонять string вместо boolean (0.2368ms)
      ✔ должен отклонять число вместо string (0.208ms)
    ✔ Невалидные данные (1.9789ms)
    ▶ Граничные случаи
      ✔ должен принимать undefined для stickerUrl (0.7935ms)
      ✔ должен принимать undefined для mediaCaption (0.1762ms)
      ✔ должен принимать undefined для disableNotification (0.1372ms)
      ✔ должен генерировать разные команды для разных nodeId (0.535ms)
      ✔ должен включать disable_notification только при disableNotification=true (0.183ms)
      ✔ должен включать caption только при наличии mediaCaption (0.1378ms)
    ✔ Граничные случаи (2.2106ms)
    ▶ Производительность
      ✔ должен генерировать код быстрее 10ms (0.1811ms)
      ✔ должен генерировать код 1000 раз быстрее 100ms (19.8731ms)
    ✔ Производительность (20.1935ms)
  ✔ generateSticker() (39.1643ms)
  ▶ stickerParamsSchema
    ▶ Валидация типов
      ✔ должен принимать все поля корректных типов (0.2279ms)
      ✔ должен отклонять string вместо boolean (0.1489ms)
      ✔ должен отклонять число вместо string для nodeId (0.1145ms)
      ✔ должен принимать пустые строки для опциональных полей (0.106ms)
      ✔ должен принимать undefined для всех опциональных полей (0.1122ms)
    ✔ Валидация типов (0.8762ms)
    ▶ Структура схемы
      ✔ должен иметь 6 полей (0.1496ms)
      ✔ должен использовать ZodOptional для stickerUrl (0.1025ms)
      ✔ должен использовать ZodOptional для disableNotification (0.0824ms)
      ✔ должен использовать .optional() для всех опциональных полей (0.0862ms)
    ✔ Структура схемы (0.5361ms)
  ✔ stickerParamsSchema (1.5896ms)
✔ sticker.py.jinja2 шаблон (41.1324ms)
▶ start.py.jinja2 шаблон
  ▶ generateStart()
    ▶ Валидные данные
      ✔ должен генерировать базовый обработчик /start (41.4448ms)
      ✔ должен генерировать обработчик с проверкой приватности (0.8235ms)
      ✔ должен генерировать обработчик с проверкой администратора (0.5992ms)
      ✔ должен генерировать обработчик с проверкой авторизации (0.2887ms)
      ✔ должен генерировать инициализацию множественного выбора (0.8187ms)
      ✔ должен генерировать inline клавиатуру (0.1634ms)
      ✔ должен генерировать reply клавиатуру (0.0935ms)
      ✔ должен генерировать обработчики синонимов (14.578ms)
      ✔ должен генерировать автопереход (0.6937ms)
      ✔ должен генерировать логирование вызова команды (2.1261ms)
      ✔ должен генерировать URL кнопки (0.9278ms)
      ✔ должен генерировать сохранение пользователя в БД (0.6665ms)
      ✔ должен генерировать HTML форматирование (0.2139ms)
      ✔ должен генерировать разные команды для разных nodeId (0.1773ms)
    ✔ Валидные данные (65.44ms)
    ▶ Проверки безопасности
      ✔ должен включать только isPrivateOnly проверку (0.2419ms)
      ✔ должен включать только adminOnly проверку (0.1795ms)
      ✔ должен включать только requiresAuth проверку (0.1704ms)
    ✔ Проверки безопасности (0.7127ms)
    ▶ Множественный выбор
      ✔ должен инициализировать multi_select массив (0.3283ms)
      ✔ должен инициализировать multi_select_node (0.2876ms)
      ✔ должен генерировать кнопки selection с callback_data (0.2482ms)
    ✔ Множественный выбор (0.9734ms)
    ▶ Автопереходы
      ✔ должен генерировать FakeCallbackQuery для автоперехода (0.2406ms)
      ✔ должен генерировать вызов handle_callback для автоперехода (0.2454ms)
    ✔ Автопереходы (0.6071ms)
    ▶ Синонимы
      ✔ должен генерировать обработчики для всех синонимов (1.514ms)
      ✔ должен генерировать проверку типа чата для синонимов (0.5776ms)
      ✔ должен генерировать проверку администратора для синонимов (0.5312ms)
    ✔ Синонимы (2.7976ms)
    ▶ Невалидные данные
      ✔ должен отклонять параметры с неправильным типом (0.9492ms)
      ✔ должен отклонять параметры с отсутствующим полем (0.1803ms)
      ✔ должен отклонять неправильный keyboardType (0.2008ms)
      ✔ должен отклонять неправильный formatMode (0.1374ms)
    ✔ Невалидные данные (1.7051ms)
    ▶ Валидация схемы
      ✔ должен принимать все поля корректных типов (0.1643ms)
      ✔ должен принимать undefined для всех опциональных полей (0.1949ms)
      ✔ должен принимать все значения enum для keyboardType (0.207ms)
      ✔ должен принимать все значения enum для formatMode (0.1642ms)
      ✔ должен принимать undefined для synonyms (0.1158ms)
    ✔ Валидация схемы (1.0174ms)
    ▶ Производительность
      ✔ должен генерировать код быстрее 10ms (0.2844ms)
      ✔ должен генерировать код 1000 раз быстрее 100ms (61.6421ms)
    ✔ Производительность (62.0975ms)
    ▶ Проверка отступов
      ✔ должен генерировать await message.answer с правильным отступом в 4 пробела (0.8073ms)
      ✔ должен генерировать keyboard = None с правильным отступом в 4 пробела (1.0788ms)
      ✔ должен генерировать await после keyboard без лишних отступов (0.9342ms)
      ✔ должен генерировать inline клавиатуру с правильными отступами (0.6027ms)
    ✔ Проверка отступов (3.8862ms)
  ✔ generateStart() (140.4949ms)
  ▶ startParamsSchema
    ▶ Валидация типов
      ✔ должен принимать все поля корректных типов (0.2973ms)
      ✔ должен отклонять string вместо boolean (0.2557ms)
      ✔ должен отклонять неправильный enum для keyboardType (0.1559ms)
      ✔ должен отклонять неправильный enum для formatMode (0.1302ms)
      ✔ должен принимать buttons с правильной структурой (0.14ms)
    ✔ Валидация типов (1.1487ms)
    ▶ Структура схемы
      ✔ должен иметь 20 полей (0.2195ms)
      ✔ должен использовать ZodOptional для messageText (0.1199ms)
      ✔ должен использовать ZodOptional для keyboardType (0.091ms)
      ✔ должен использовать ZodOptional для formatMode (0.0797ms)
      ✔ должен использовать ZodOptional для isPrivateOnly (0.0759ms)
      ✔ должен использовать ZodOptional для synonyms (0.0753ms)
    ✔ Структура схемы (0.8419ms)
  ✔ startParamsSchema (2.1696ms)
✔ start.py.jinja2 шаблон (143.306ms)
▶ generateSkipDataCollectionCheck()
  ✔ генерирует проверку skipDataCollectionTransition (9.458ms)
  ✔ генерирует update_user_data_in_db (0.2632ms)
  ✔ генерирует сброс флага (0.3393ms)
  ✔ генерирует logging.info (0.5183ms)
  ✔ применяет кастомный отступ (0.7108ms)
✔ generateSkipDataCollectionCheck() (12.6525ms)
▶ skipDataCollectionParamsSchema
  ✔ принимает валидные параметры (0.33ms)
  ✔ отклоняет отсутствие variableName (0.8175ms)
  ✔ отклоняет отсутствие variableValue (0.4008ms)
✔ skipDataCollectionParamsSchema (1.9191ms)
▶ Производительность
  ✔ generateSkipDataCollectionCheck: быстрее 10ms (0.2645ms)
✔ Производительность (0.4916ms)
▶ safe-edit-or-send.py.jinja2 шаблон
  ▶ generateSafeEditOrSend()
    ▶ Валидные данные
      ✔ должен генерировать функцию при hasInlineButtonsOrSpecialNodes=true (10.0021ms)
      ✔ должен генерировать функцию при hasAutoTransitions=true (0.2971ms)
      ✔ должен генерировать функцию при обоих флагах=true (0.2681ms)
      ✔ должен генерировать пустую строку при обоих флагах=false (0.2807ms)
      ✔ должен генерировать обработку user_id (0.2621ms)
      ✔ должен генерировать try-except блок (0.2154ms)
      ✔ должен генерировать проверку is_auto_transition (0.2874ms)
      ✔ должен генерировать проверку is_reply_keyboard (0.175ms)
      ✔ должен генерировать fallback на новое сообщение (0.3047ms)
      ✔ должен генерировать логирование ошибок (0.4084ms)
    ✔ Валидные данные (13.6737ms)
    ▶ Невалидные данные
      ✔ должен отклонять параметры с неправильным типом (0.5429ms)
      ✔ должен отклонять null значения (0.1447ms)
      ✔ должен использовать значения по умолчанию для отсутствующих полей (0.2048ms)
    ✔ Невалидные данные (1.1033ms)
    ▶ Проверка схемы
      ✔ должен иметь правильную структуру схемы (0.2624ms)
      ✔ должен использовать ZodDefault для всех полей (0.3095ms)
      ✔ должен иметь 2 поля (0.22ms)
    ✔ Проверка схемы (0.9837ms)
    ▶ Производительность
      ✔ должен генерировать код быстрее 10ms (0.5137ms)
      ✔ должен генерировать код 1000 раз быстрее 100ms (11.3625ms)
    ✔ Производительность (12.1962ms)
    ▶ Интеграционные тесты
      ✔ должен генерировать код который можно вставить в Python функцию (0.2716ms)
      ✔ должен генерировать код который можно использовать в if блоке (0.1806ms)
      ✔ должен генерировать код который можно использовать в try блоке (0.1517ms)
    ✔ Интеграционные тесты (0.7553ms)
    ▶ Проверка на распространённые ошибки Pylance
      ✔ не должен содержать ошибку: Операторы без перевода строки перед else (0.579ms)
      ✔ не должен содержать ошибку: Операторы без перевода строки перед elif (0.4153ms)
      ✔ не должен содержать незавершённые конструкции (0.636ms)
      ✔ не должен содержать несколько операторов на одной строке без точки с запятой (0.2326ms)
    ✔ Проверка на распространённые ошибки Pylance (2.1261ms)
    ▶ Edge cases
      ✔ должен обрабатывать пустое имя узла (0.1874ms)
      ✔ должен обрабатывать специальные символы в тексте (1.259ms)
      ✔ должен обрабатывать очень длинный текст (0.336ms)
    ✔ Edge cases (1.9598ms)
  ✔ generateSafeEditOrSend() (33.4286ms)
  ▶ safeEditOrSendParamsSchema
    ▶ Валидация типов
      ✔ должен принимать boolean поля (0.1909ms)
      ✔ должен отклонять string вместо boolean (0.135ms)
      ✔ должен отклонять null (0.115ms)
    ✔ Валидация типов (0.5425ms)
    ▶ Значения по умолчанию
      ✔ должен использовать false для hasInlineButtonsOrSpecialNodes по умолчанию (0.127ms)
      ✔ должен использовать false для hasAutoTransitions по умолчанию (0.0822ms)
    ✔ Значения по умолчанию (0.3027ms)
    ▶ Структура схемы
      ✔ должен иметь 2 поля (0.1222ms)
      ✔ должен использовать optional поля (0.1028ms)
    ✔ Структура схемы (0.2992ms)
  ✔ safeEditOrSendParamsSchema (1.4617ms)
✔ safe-edit-or-send.py.jinja2 шаблон (35.2657ms)
▶ generateReplyInputHandler()
  ▶ button_response_config
    ✔ генерирует проверку button_response_config (30.0029ms)
    ✔ генерирует поиск selected_option (1.2657ms)
    ✔ генерирует структуру response_data (0.8373ms)
    ✔ генерирует очистку button_response_config (0.3891ms)
    ✔ генерирует обработку неверного выбора (0.4699ms)
  ✔ button_response_config (34.0013ms)
  ▶ URL-кнопки
    ✔ без URL: нет блока url action (1.1639ms)
    ✔ с URL: генерирует блок url action (0.4218ms)
  ✔ URL-кнопки (1.9421ms)
  ▶ команды
    ✖ генерирует fake_message для команд (48.7563ms)
    ✔ генерирует обработчики команд (0.4723ms)
  ✖ команды (49.664ms)
  ▶ goto-навигация
    ✔ генерирует переход к узлам (0.6225ms)
    ✔ генерирует fallback к next_node_id (0.4966ms)
  ✔ goto-навигация (1.277ms)
  ▶ pending_skip_buttons
    ✔ генерирует проверку pending_skip_buttons (0.8691ms)
    ✔ генерирует очистку медиа-ожиданий (0.7944ms)
  ✔ pending_skip_buttons (1.8999ms)
  ▶ skip_buttons в waiting_for_input
    ✔ генерирует проверку skip_buttons (0.3928ms)
    ✔ генерирует call_skip_target_handler (1.0913ms)
  ✔ skip_buttons в waiting_for_input (1.6145ms)
  ▶ сохранение ответа
    ✔ генерирует appendVariable логику (0.3246ms)
    ✔ генерирует сохранение в БД (0.2122ms)
    ✔ обновляет all_user_vars (0.1999ms)
  ✔ сохранение ответа (0.9512ms)
  ▶ цикл автопереходов
    ✔ генерирует while next_node_id (0.2633ms)
    ✔ генерирует навигацию к узлам в цикле (0.2016ms)
  ✔ цикл автопереходов (0.5492ms)
  ▶ call_skip_target_handler
    ✔ генерирует функцию call_skip_target_handler (0.2364ms)
  ✔ call_skip_target_handler (0.332ms)
  ▶ отступы
    ✔ дефолтный отступ — 4 пробела (0.3833ms)
    ✔ кастомный отступ — 8 пробелов (0.5454ms)
  ✔ отступы (1.11ms)
  ▶ пустые параметры
    ✔ работает без узлов и команд (0.3919ms)
  ✔ пустые параметры (0.5072ms)
✖ generateReplyInputHandler() (95.1661ms)
▶ replyInputHandlerParamsSchema
  ✔ принимает валидные параметры (0.2791ms)
  ✔ принимает пустые массивы (0.1037ms)
  ✔ отклоняет числовой indentLevel (0.5878ms)
✔ replyInputHandlerParamsSchema (1.2022ms)
▶ collectGraphNodes()
  ✔ собирает id и safeName (0.2408ms)
  ✔ фильтрует null (0.1016ms)
✔ collectGraphNodes() (0.4357ms)
▶ collectCommandNodes()
  ✔ собирает start и command узлы (0.2074ms)
  ✔ фильтрует узлы без команды (0.0887ms)
✔ collectCommandNodes() (0.3707ms)
▶ Производительность
  ✔ generateReplyInputHandler: быстрее 10ms (0.2929ms)
✔ Производительность (0.3481ms)
▶ generateParseMode()
  ✔ генерирует ParseMode.MARKDOWN для markdown (8.9351ms)
  ✔ генерирует ParseMode.HTML для html (0.2325ms)
  ✔ генерирует parse_mode = None без форматирования (0.2345ms)
  ✔ генерирует ParseMode.MARKDOWN для флага markdown=true (0.3032ms)
  ✔ генерирует проверку conditional_parse_mode (0.1708ms)
  ✔ применяет кастомный отступ (0.2555ms)
✔ generateParseMode() (11.173ms)
▶ parseModeParamsSchema
  ✔ принимает пустой объект (0.3837ms)
  ✔ принимает markdown formatMode (0.6108ms)
  ✔ отклоняет числовой markdown (0.9397ms)
✔ parseModeParamsSchema (2.4168ms)
▶ Производительность
  ✔ generateParseMode: быстрее 10ms (0.3029ms)
✔ Производительность (0.3949ms)
▶ generateNavigateToNode()
  ✔ генерирует async def navigate_to_node (4.7693ms)
  ✔ генерирует параметры функции (0.538ms)
  ✔ генерирует replace_variables_in_text (0.3692ms)
  ✔ генерирует message.answer (0.1528ms)
✔ generateNavigateToNode() (7.2351ms)
▶ generateNavigateToNodeCall()
  ✔ генерирует вызов navigate_to_node (0.2483ms)
  ✔ применяет кастомный отступ (0.0982ms)
✔ generateNavigateToNodeCall() (0.4964ms)
▶ generateNavigateToNodeWithText()
  ✔ генерирует вызов с text параметром (0.2297ms)
✔ generateNavigateToNodeWithText() (0.443ms)
▶ navigateToNodeParamsSchema
  ✔ принимает пустой объект (0.8061ms)
✔ navigateToNodeParamsSchema (0.9441ms)
▶ Производительность
  ✔ generateNavigateToNode: быстрее 10ms (0.2064ms)
✔ Производительность (0.4571ms)
▶ generateMultiSelectCheck()
  ▶ проверка состояния
    ✔ генерирует проверку multi_select_node (45.7732ms)
    ✔ читает node_id из user_data (0.7943ms)
    ✔ логирует режим множественного выбора (1.1005ms)
  ✔ проверка состояния (48.8428ms)
  ▶ кнопка Готово
    ✔ генерирует проверку кнопки Готово (0.5789ms)
    ✔ сохраняет выбранные опции в БД (1.2191ms)
    ✔ очищает состояние после завершения (2.05ms)
    ✔ переходит к следующему узлу (1.0608ms)
    ✔ генерирует return после завершения (1.0254ms)
  ✔ кнопка Готово (6.654ms)
  ▶ кнопки выбора (selection)
    ✔ генерирует проверку clean_user_input (0.9247ms)
    ✔ генерирует toggle логику (1.0403ms)
    ✔ генерирует обновление клавиатуры (0.4735ms)
    ✔ генерирует замену переменных в тексте (0.5867ms)
  ✔ кнопки выбора (selection) (3.3937ms)
  ▶ goto кнопки
    ✔ генерирует обработку goto кнопок (1.2619ms)
    ✔ очищает состояние перед goto переходом (1.0738ms)
    ✔ генерирует fake_callback для goto (0.6676ms)
    ✔ вызывает handle_callback для целевого узла (0.3428ms)
  ✔ goto кнопки (3.764ms)
  ▶ пустые параметры
    ✔ работает без узлов (0.1861ms)
    ✔ генерирует fallback комментарий (0.1404ms)
  ✔ пустые параметры (0.4438ms)
  ▶ отступы
    ✔ дефолтный отступ — 4 пробела (0.4527ms)
    ✔ кастомный отступ — 8 пробелов (0.6009ms)
  ✔ отступы (1.2473ms)
✔ generateMultiSelectCheck() (65.28ms)
▶ multiSelectCheckParamsSchema
  ✔ принимает валидные параметры (0.584ms)
  ✔ принимает пустые массивы (0.3381ms)
  ✔ отклоняет числовой indentLevel (1.4856ms)
✔ multiSelectCheckParamsSchema (2.6949ms)
▶ collectMultiSelectNodes()
  ✔ собирает id и safeName (1.054ms)
  ✔ фильтрует null (1.7486ms)
✔ collectMultiSelectNodes() (3.0701ms)
▶ Производительность
  ✔ generateMultiSelectCheck: быстрее 10ms (0.5844ms)
✔ Производительность (0.7095ms)
▶ middleware.py.jinja2 шаблон
  ▶ generateMiddleware()
    ▶ Валидные данные
      ✔ должен генерировать message_logging_middleware (5.9366ms)
      ✔ должен включать docstring (0.2694ms)
      ✔ должен включать обработку user_id (0.1634ms)
      ✔ должен включать save_message_to_api (0.168ms)
      ✔ должен включать обработку ошибок (0.2361ms)
      ✔ должен игнорировать параметры (всегда одинаковый вывод) (0.2987ms)
    ✔ Валидные данные (7.917ms)
    ▶ Невалидные данные
      ✔ должен отклонять параметры с неправильным типом (1.7404ms)
      ✔ должен использовать значения по умолчанию (0.4818ms)
      ✔ должен отклонять string вместо boolean (0.306ms)
      ✔ должен отклонять null (0.3371ms)
    ✔ Невалидные данные (3.1967ms)
    ▶ Граничные случаи
      ✔ должен включать logging.error (0.2361ms)
      ✔ должен включать return await handler (0.2167ms)
      ✔ должен включать message.caption (0.245ms)
      ✔ должен включать [медиа] заглушку (0.2257ms)
    ✔ Граничные случаи (1.0859ms)
    ▶ Производительность
      ✔ должен генерировать код быстрее 10ms (0.1742ms)
      ✔ должен генерировать код 1000 раз быстрее 100ms (9.2627ms)
    ✔ Производительность (9.649ms)
  ✔ generateMiddleware() (22.363ms)
  ▶ middlewareParamsSchema
    ▶ Валидация типов
      ✔ должен принимать boolean поле (0.5858ms)
      ✔ должен отклонять string вместо boolean (0.3382ms)
      ✔ должен отклонять number вместо boolean (0.3008ms)
      ✔ должен отклонять null (0.1623ms)
    ✔ Валидация типов (1.6102ms)
    ▶ Значения по умолчанию
      ✔ должен принимать undefined по умолчанию (0.1697ms)
    ✔ Значения по умолчанию (0.2777ms)
    ▶ Структура схемы
      ✔ должен иметь 1 поле (0.1603ms)
      ✔ должен использовать ZodOptional (0.1229ms)
    ✔ Структура схемы (0.3764ms)
  ✔ middlewareParamsSchema (2.6937ms)
✔ middleware.py.jinja2 шаблон (25.5469ms)
▶ message.py.jinja2 шаблон
  ▶ generateMessage()
    ▶ Валидные данные
      ✔ должен генерировать обработчик callback для базового сообщения (41.4327ms)
      ✔ должен генерировать callback.answer() (0.7047ms)
      ✔ должен генерировать логирование (0.5715ms)
      ✔ должен генерировать инициализацию переменных (0.3499ms)
      ✔ должен генерировать inline клавиатуру (0.7543ms)
      ✔ должен генерировать reply клавиатуру (0.9465ms)
    ✔ Валидные данные (45.662ms)
    ▶ Проверки безопасности
      ✔ должен генерировать isPrivateOnly проверку (1.4511ms)
      ✔ должен генерировать adminOnly проверку (1.0023ms)
      ✔ должен генерировать requiresAuth проверку (0.7077ms)
    ✔ Проверки безопасности (3.5993ms)
    ▶ Автопереход
      ✔ должен генерировать FakeCallbackQuery для автоперехода (0.6434ms)
      ✔ должен генерировать вызов следующего обработчика (0.3153ms)
      ✔ должен генерировать логирование автоперехода (0.2273ms)
      ✔ должен возвращать после автоперехода (0.2088ms)
    ✔ Автопереход (1.5969ms)
    ▶ Медиа
      ✔ должен генерировать сохранение imageUrl (0.4826ms)
      ✔ должен генерировать update_user_data_in_db для медиа (0.2519ms)
    ✔ Медиа (0.8283ms)
    ▶ Невалидные данные
      ✔ должен отклонять параметры с неправильным типом (1.0306ms)
      ✔ должен отклонять параметры без nodeId (0.6642ms)
      ✔ должен отклонять string вместо boolean (0.58ms)
      ✔ должен отклонять неправильный keyboardType (0.6719ms)
      ✔ должен отклонять неправильный formatMode (0.1993ms)
    ✔ Невалидные данные (3.4488ms)
    ▶ Валидация схемы
      ✔ должен принимать все поля корректных типов (0.2211ms)
      ✔ должен использовать значения по умолчанию для всех полей (0.2344ms)
      ✔ должен принимать все значения enum для keyboardType (0.2728ms)
      ✔ должен принимать все значения enum для formatMode (0.2845ms)
    ✔ Валидация схемы (1.153ms)
    ▶ Производительность
      ✔ должен генерировать код быстрее 10ms (0.3752ms)
      ✔ должен генерировать код 1000 раз быстрее 100ms (92.4547ms)
    ✔ Производительность (92.9572ms)
  ✔ generateMessage() (149.9063ms)
  ▶ messageParamsSchema
    ▶ Валидация типов
      ✔ должен принимать все поля корректных типов (1.1097ms)
      ✔ должен отклонять string вместо boolean (0.725ms)
      ✔ должен отклонять number вместо string для nodeId (0.5054ms)
      ✔ должен принимать null для опциональных полей (0.436ms)
    ✔ Валидация типов (3.5309ms)
    ▶ Значения по умолчанию
      ✔ должен использовать false для isPrivateOnly по умолчанию (0.3614ms)
      ✔ должен использовать false для adminOnly по умолчанию (0.1835ms)
      ✔ должен использовать false для enableAutoTransition по умолчанию (0.1416ms)
      ✔ должен использовать none для keyboardType по умолчанию (0.1314ms)
      ✔ должен использовать none для formatMode по умолчанию (0.1327ms)
    ✔ Значения по умолчанию (1.1724ms)
    ▶ Структура схемы
      ✖ должен иметь 35 полей (4.6784ms)
      ✔ должен использовать ZodOptional для isPrivateOnly (0.2258ms)
      ✔ должен использовать ZodOptional для adminOnly (0.1ms)
      ✔ должен использовать ZodOptional для enableAutoTransition (0.1162ms)
    ✖ Структура схемы (5.4288ms)
  ✖ messageParamsSchema (10.6622ms)
✖ message.py.jinja2 шаблон (161.0999ms)
▶ generateMediaSend()
  ✔ генерирует send_photo для imageUrl (12.2217ms)
  ✔ генерирует FSInputFile для /uploads/ пути (0.3676ms)
  ✔ генерирует send_video для videoUrl (0.2091ms)
  ✔ возвращает пустую строку без медиа (0.3008ms)
  ✔ передаёт caption=text и parse_mode (0.5757ms)
  ✔ применяет кастомный отступ (0.2862ms)
✔ generateMediaSend() (15.2532ms)
▶ mediaSendParamsSchema
  ✔ принимает валидные параметры (0.3919ms)
  ✔ отклоняет отсутствие nodeId (0.7854ms)
✔ mediaSendParamsSchema (1.4709ms)
▶ Производительность
  ✔ generateMediaSend: быстрее 10ms (0.3326ms)
✔ Производительность (0.5885ms)
▶ generateMediaSaveVars()
  ✔ генерирует сохранение imageUrl (11.4255ms)
  ✔ генерирует update_user_data_in_db (0.4097ms)
  ✔ генерирует сохранение videoUrl (0.2413ms)
  ✔ возвращает пустую строку без медиа (0.2107ms)
  ✔ применяет кастомный отступ (0.4915ms)
✔ generateMediaSaveVars() (13.9339ms)
▶ mediaSaveVarsParamsSchema
  ✔ принимает валидные параметры (0.3012ms)
  ✔ отклоняет отсутствие nodeId (0.5804ms)
✔ mediaSaveVarsParamsSchema (1.2048ms)
▶ Производительность
  ✔ generateMediaSaveVars: быстрее 10ms (0.263ms)
✔ Производительность (0.4114ms)
▶ generateMediaPathResolve()
  ✔ генерирует проверку startswith /uploads/ (9.9036ms)
  ✔ генерирует get_upload_file_path для фото (0.3984ms)
  ✔ генерирует get_upload_file_path для видео (0.2791ms)
  ✔ генерирует get_upload_file_path для аудио (0.2928ms)
  ✔ генерирует get_upload_file_path для документа (0.2085ms)
  ✔ применяет кастомный отступ (0.3217ms)
✔ generateMediaPathResolve() (12.7882ms)
▶ mediaPathResolveParamsSchema
  ✔ принимает все типы медиа (0.6694ms)
  ✔ отклоняет неверный тип медиа (0.7094ms)
  ✔ отклоняет отсутствие urlVar (0.2381ms)
✔ mediaPathResolveParamsSchema (1.9882ms)
▶ Производительность
  ✔ generateMediaPathResolve: быстрее 10ms (0.2279ms)
✔ Производительность (0.3076ms)
▶ main.py.jinja2 шаблон
  ▶ generateMain()
    ▶ Валидные данные
      ✔ должен генерировать main() с init_database() (12.3128ms)
      ✔ должен генерировать main() без init_database() (0.4851ms)
      ✔ должен включать set_bot_commands() при наличии команд (0.405ms)
      ✔ не должен включать set_bot_commands() без команд (0.2001ms)
      ✔ должен включать middleware при БД (0.2945ms)
      ✔ должен включать обработку сигналов (0.2372ms)
      ✔ должен генерировать main с обработкой ошибок (0.2656ms)
    ✔ Валидные данные (15.1748ms)
    ▶ Невалидные данные
      ✔ должен отклонять параметры с неправильным типом (1.0289ms)
      ✔ должен использовать значения по умолчанию (0.6345ms)
      ✔ должен отклонять string вместо boolean (0.8403ms)
      ✔ должен отклонять null (0.3054ms)
    ✔ Невалидные данные (3.2867ms)
    ▶ Граничные случаи
      ✔ должен включать finally блок (0.5613ms)
      ✔ должен включать bot.session.close() (0.3773ms)
      ✔ должен включать db_pool.close() при БД (0.5449ms)
      ✔ должен включать asyncio.run(main()) (0.2248ms)
      ✔ должен включать if __name__ == "__main__" (0.1557ms)
      ✔ set_bot_commands определяется ровно один раз (0.1943ms)
      ✔ if __name__ == "__main__" встречается ровно один раз (0.1554ms)
      ✔ asyncio.run(main()) вызывается ровно один раз (0.1524ms)
    ✔ Граничные случаи (2.6537ms)
    ▶ Производительность
      ✔ должен генерировать код быстрее 10ms (0.1854ms)
      ✔ должен генерировать код 1000 раз быстрее 100ms (37.936ms)
    ✔ Производительность (38.2789ms)
  ✔ generateMain() (59.9406ms)
  ▶ mainParamsSchema
    ▶ Валидация типов
      ✔ должен принимать boolean поле (0.3076ms)
      ✔ должен отклонять string вместо boolean (0.1531ms)
      ✔ должен отклонять number вместо boolean (0.2028ms)
      ✔ должен отклонять null (0.1193ms)
    ✔ Валидация типов (1.0941ms)
    ▶ Значения по умолчанию
      ✔ должен принимать false по умолчанию (0.1553ms)
    ✔ Значения по умолчанию (0.2419ms)
    ▶ Структура схемы
      ✔ должен иметь 3 поля (0.158ms)
      ✔ должен использовать ZodOptional (0.1384ms)
    ✔ Структура схемы (0.3985ms)
  ✔ mainParamsSchema (1.965ms)
✔ main.py.jinja2 шаблон (62.4224ms)
▶ keyboard.py.jinja2 шаблон
  ▶ generateKeyboard()
    ▶ Валидные данные
      ✔ должен генерировать inline клавиатуру (36.1838ms)
      ✔ должен генерировать reply клавиатуру (0.7426ms)
      ✔ должен генерировать пустую клавиатуру (0.3685ms)
      ✔ должен генерировать клавиатуру с раскладкой (1.8398ms)
      ✔ должен генерировать oneTimeKeyboard (0.4628ms)
    ✔ Валидные данные (40.6202ms)
    ▶ Inline клавиатура
      ✔ должен генерировать callback кнопки (1.0165ms)
      ✔ должен генерировать URL кнопки (0.38ms)
      ✔ должен генерировать keyboard = builder.as_markup() (0.4939ms)
    ✔ Inline клавиатура (2.251ms)
    ▶ Reply клавиатура
      ✔ должен генерировать KeyboardButton (0.6547ms)
      ✔ должен генерировать resize_keyboard=True по умолчанию (1.504ms)
      ✔ должен генерировать one_time_keyboard=False по умолчанию (1.1369ms)
    ✔ Reply клавиатура (3.6398ms)
    ▶ Раскладка
      ✔ должен генерировать комментарии для ручной раскладки (0.8897ms)
      ✔ не должен генерировать builder.adjust(, ) при пустых buttonIds (1.0326ms)
      ✔ должен генерировать авто-раскладку (0.8363ms)
      ✔ должен генерировать кнопки в правильном порядке (0.8149ms)
    ✔ Раскладка (3.947ms)
    ▶ Невалидные данные
      ✔ должен отклонять параметры с неправильным типом (2.9485ms)
      ✔ должен отклонять параметры с отсутствующим полем (0.7999ms)
      ✔ должен отклонять неправильный keyboardType (0.7508ms)
    ✔ Невалидные данные (4.8149ms)
    ▶ Валидация схемы
      ✔ должен принимать все поля корректных типов (0.4464ms)
      ✔ должен использовать значения по умолчанию для всех полей (0.3526ms)
      ✔ должен принимать все значения enum для keyboardType (0.3462ms)
      ✔ должен принимать keyboardLayout с правильной структурой (0.3532ms)
      ✔ должен использовать пустой массив для buttons по умолчанию (1.5821ms)
    ✔ Валидация схемы (3.4152ms)
    ▶ Производительность
      ✔ должен генерировать код быстрее 10ms (0.919ms)
      ✔ должен генерировать код 1000 раз быстрее 100ms (85.5279ms)
    ✔ Производительность (86.7191ms)
    ▶ Проверка отступов
      ✔ должен генерировать keyboard = None без начальных отступов (0.7895ms)
      ✔ должен генерировать builder = InlineKeyboardBuilder без начальных отступов (0.3848ms)
      ✔ должен генерировать keyboard = builder.as_markup() без начальных отступов (0.3168ms)
      ✔ должен генерировать keyboard = builder.as_markup() с правильными параметрами (0.3069ms)
      ✔ не должен содержать несколько операторов на одной строке (Python syntax) (0.3294ms)
      ✔ должен генерировать каждый оператор на отдельной строке (0.3756ms)
    ✔ Проверка отступов (3.4508ms)
  ✔ generateKeyboard() (149.9022ms)
  ▶ keyboardParamsSchema
    ▶ Валидация типов
      ✔ должен принимать все поля корректных типов (0.2472ms)
      ✔ должен отклонять string вместо boolean (0.1714ms)
      ✔ должен отклонять неправильный enum для keyboardType (0.1247ms)
      ✔ должен принимать buttons с правильной структурой (0.1231ms)
    ✔ Валидация типов (0.7938ms)
    ▶ Структура схемы
      ✔ должен иметь 20 полей (0.2035ms)
      ✔ должен использовать ZodOptional для keyboardType (0.1341ms)
      ✔ должен использовать ZodOptional для oneTimeKeyboard (0.114ms)
      ✔ должен использовать ZodOptional для resizeKeyboard (0.0852ms)
      ✔ должен использовать ZodOptional для buttons (0.1282ms)
    ✔ Структура схемы (0.8086ms)
  ✔ keyboardParamsSchema (1.801ms)
✔ keyboard.py.jinja2 шаблон (152.2314ms)
▶ imports.py.jinja2 шаблон
  ▶ generateImports()
    ▶ Валидные данные
      ✔ должен генерировать код со всеми импортами (всё включено) (9.9464ms)
      ✔ должен генерировать код без условных импортов (всё выключено) (0.9209ms)
      ✔ должен генерировать только импорты БД (0.5582ms)
      ✔ должен генерировать только импорты медиа (0.2192ms)
      ✔ должен генерировать импорты для inline кнопок (0.2931ms)
      ✔ должен генерировать импорты для автопереходов (0.2557ms)
      ✔ должен генерировать импорты для ParseMode (0.2169ms)
      ✔ должен генерировать импорты для MediaGroups (0.2055ms)
      ✔ должен генерировать импорты для UrlImages (0.3733ms)
      ✔ должен генерировать импорты для Datetime (0.4614ms)
      ✔ должен генерировать импорты для Datetime + Timezone (0.2144ms)
      ✔ должен генерировать datetime при userDatabaseEnabled=true (0.1587ms)
      ✔ должен совпадать с ожидаемым выводом (всё включено) (0.1734ms)
      ✔ должен совпадать с ожидаемым выводом (всё выключено) (0.1462ms)
    ✔ Валидные данные (15.5604ms)
    ▶ Невалидные данные
      ✔ должен отклонять параметры с неправильным типом (0.8537ms)
      ✔ должен использовать значения по умолчанию для отсутствующих полей (0.308ms)
      ✔ должен отклонять null вместо boolean (0.3407ms)
      ✔ должен отклонять число вместо boolean (0.3975ms)
    ✔ Невалидные данные (2.2047ms)
    ▶ Граничные случаи
      ✔ должен добавлять TelegramBadRequest при hasInlineButtons=true OR hasAutoTransitions=true (0.7638ms)
      ✔ должен добавлять aiohttp при hasMediaNodes=true OR hasUploadImages=true (0.3233ms)
      ✔ должен добавлять asyncpg только при userDatabaseEnabled=true (0.2033ms)
      ✔ должен всегда включать базовые импорты (0.1563ms)
    ✔ Граничные случаи (1.6325ms)
    ▶ Производительность
      ✔ должен генерировать код быстрее 10ms (0.4335ms)
      ✔ должен генерировать код 1000 раз быстрее 100ms (33.1494ms)
    ✔ Производительность (35.4606ms)
  ✔ generateImports() (55.3185ms)
  ▶ importsParamsSchema
    ▶ Валидация типов
      ✔ должен принимать все boolean поля (0.2952ms)
      ✔ должен отклонять string вместо boolean (0.1794ms)
      ✔ должен отклонять number вместо boolean (0.1728ms)
      ✔ должен отклонять null вместо boolean (0.1565ms)
      ✔ должен принимать undefined и использовать значение по умолчанию (0.1532ms)
    ✔ Валидация типов (1.1283ms)
    ▶ Значения по умолчанию
      ✔ должен использовать false для всех полей по умолчанию (0.3369ms)
      ✔ должен использовать false для отсутствующих полей (0.1685ms)
    ✔ Значения по умолчанию (0.5965ms)
    ▶ Структура схемы
      ✔ должен иметь все 10 полей (0.1575ms)
      ✔ должен использовать ZodDefault для всех полей (0.1062ms)
    ✔ Структура схемы (0.3455ms)
  ✔ importsParamsSchema (2.31ms)
✔ imports.py.jinja2 шаблон (58.1552ms)
▶ header.py.jinja2 шаблон
  ▶ generateHeader()
    ▶ Валидные данные
      ✔ должен генерировать UTF-8 заголовок (6.1016ms)
      ✔ должен включать import os и import sys (0.3703ms)
      ✔ должен включать проверку Windows (0.3102ms)
      ✔ должен включать PYTHONIOENCODING (0.21ms)
      ✔ должен включать reconfigure для stdout (0.1616ms)
      ✔ должен включать fallback для старых версий (0.1906ms)
      ✔ должен совпадать с ожидаемым выводом (0.246ms)
      ✔ должен игнорировать параметры (всегда одинаковый вывод) (0.3018ms)
    ✔ Валидные данные (8.9187ms)
    ▶ Невалидные данные
      ✔ должен отклонять параметры с неправильным типом (1.3174ms)
      ✔ должен использовать значения по умолчанию (0.3645ms)
      ✔ должен отклонять string вместо boolean (0.2031ms)
      ✔ должен отклонять null (0.1506ms)
    ✔ Невалидные данные (2.327ms)
    ▶ Граничные случаи
      ✔ должен всегда включать codecs (0.3965ms)
      ✔ должен всегда включать try-except (0.1819ms)
      ✔ должен включать stderr (0.1429ms)
      ✔ должен включать os.environ (0.1418ms)
    ✔ Граничные случаи (1.0309ms)
    ▶ Производительность
      ✔ должен генерировать код быстрее 10ms (0.1834ms)
      ✔ должен генерировать код 1000 раз быстрее 100ms (23.0881ms)
    ✔ Производительность (23.4735ms)
  ✔ generateHeader() (36.3359ms)
  ▶ headerParamsSchema
    ▶ Валидация типов
      ✔ должен принимать все boolean поля (0.2194ms)
      ✔ должен отклонять string вместо boolean (0.1452ms)
      ✔ должен отклонять number вместо boolean (0.2116ms)
      ✔ должен отклонять null (0.2236ms)
    ✔ Валидация типов (0.9913ms)
    ▶ Значения по умолчанию
      ✔ должен использовать false для всех полей по умолчанию (0.2457ms)
    ✔ Значения по умолчанию (0.3521ms)
    ▶ Структура схемы
      ✔ должен иметь 3 поля (0.2155ms)
      ✔ должен использовать ZodDefault для всех полей (0.1944ms)
    ✔ Структура схемы (0.5417ms)
  ✔ headerParamsSchema (2.1716ms)
✔ header.py.jinja2 шаблон (39.0692ms)
▶ generateReplyHideAfterClick
  ✔ должен генерировать код для кнопок с hideAfterClick (13.9542ms)
  ✔ должен генерировать пустую строку если нет кнопок с hideAfterClick (0.5506ms)
  ✔ должен генерировать код для нескольких кнопок hideAfterClick (0.6181ms)
  ✔ должен содержать обработку исключений (0.7749ms)
✔ generateReplyHideAfterClick (17.281ms)
▶ generateReplyButtonHandlers
  ✔ должен генерировать обработчики для reply кнопок (16.9279ms)
  ✔ должен генерировать пустую строку для пустых узлов (0.48ms)
  ✔ должен генерировать пустую строку для узлов без reply кнопок (0.2355ms)
  ✔ должен генерировать обработчики с поддержкой multi-select (0.4652ms)
✔ generateReplyButtonHandlers (19.2843ms)
▶ generateMultiSelectTransition
  ✔ должен генерировать переход к целевому узлу через continueButtonTarget (22.2039ms)
  ✔ должен генерировать вызов команды для command узла (0.6897ms)
  ✔ должен генерировать переход по соединению если нет continueButtonTarget (0.9133ms)
  ✔ должен обрабатывать случай несуществующего целевого узла (0.6378ms)
  ✔ должен содержать предупреждение для неизвестного типа узла (0.24ms)
✔ generateMultiSelectTransition (26.2107ms)
▶ multi-select-reply.py.jinja2 шаблон
  ▶ generateMultiSelectReply()
    ▶ Валидные данные
      ✔ должен генерировать обработчик для базового multi-select reply (25.8222ms)
      ✔ должен генерировать обработчик с goto кнопками (1.0181ms)
      ✔ должен генерировать обработчик с command целевым узлом (0.4726ms)
      ✔ должен генерировать обработчик для нескольких узлов (1.0578ms)
      ✔ должен генерировать пустой вывод для пустого массива узлов (0.4762ms)
      ✔ должен использовать custom indent (0.514ms)
    ✔ Валидные данные (30.56ms)
    ▶ Обработка кнопки "Готово"
      ✔ должен генерировать код завершения multi-select (0.422ms)
      ✔ должен генерировать очистку состояния (0.4615ms)
      ✔ должен генерировать переход к следующему узлу (0.5134ms)
    ✔ Обработка кнопки "Готово" (1.8072ms)
    ▶ Обработка выбора опций
      ✔ должен генерировать код добавления/удаления выбора (0.4722ms)
      ✔ должен генерировать сообщения о выборе (0.2528ms)
      ✔ должен генерировать очистку текста от галочки (0.2077ms)
      ✔ должен генерировать обновление клавиатуры с галочками (0.2459ms)
    ✔ Обработка выбора опций (1.3262ms)
    ▶ Обработка goto кнопок
      ✔ должен генерировать fake_callback для goto кнопок (0.3759ms)
      ✔ должен генерировать вызов command обработчика (0.2081ms)
      ✔ должен генерировать сохранение состояния перед переходом (0.2325ms)
    ✔ Обработка goto кнопок (1.0313ms)
    ▶ Невалидные данные
      ✔ должен отклонять параметры с отсутствующим multiSelectNodes (1.2035ms)
      ✔ должен отклонять параметры с неправильным типом (0.5312ms)
    ✔ Невалидные данные (1.9292ms)
    ▶ Валидация схемы
      ✔ должен принимать все поля корректных типов (0.3037ms)
      ✔ должен использовать indentLevel по умолчанию (0.1473ms)
      ✔ должен принимать completeButton как опциональное поле (0.1534ms)
    ✔ Валидация схемы (0.754ms)
    ▶ Производительность
      ✔ должен генерировать код быстрее 10ms (0.3722ms)
      ✔ должен генерировать код 100 раз быстрее 50ms (10.9383ms)
    ✔ Производительность (11.5761ms)
  ✔ generateMultiSelectReply() (49.714ms)
  ▶ multiSelectReplyParamsSchema
    ▶ Структура схемы
      ✔ должен иметь 4 поля (0.5046ms)
      ✔ должен использовать ZodOptional для indentLevel (0.3085ms)
    ✔ Структура схемы (0.9774ms)
  ✔ multiSelectReplyParamsSchema (1.3148ms)
✔ multi-select-reply.py.jinja2 шаблон (51.482ms)
▶ multi-select-done.py.jinja2 шаблон
  ▶ generateMultiSelectDone()
    ▶ Валидные данные
      ✔ должен генерировать обработчик для базового multi-select done (25.7328ms)
      ✔ должен генерировать обработчик с целевым узлом множественного выбора (1.1717ms)
      ✔ должен генерировать обработчик с reply клавиатурой (0.8035ms)
      ✔ должен генерировать обработчик без целевого узла (0.6772ms)
      ✔ должен генерировать обработчик для нескольких узлов (0.2197ms)
      ✔ должен генерировать пустой вывод для пустого массива узлов (0.2822ms)
    ✔ Валидные данные (30.1004ms)
    ▶ Сохранение в БД
      ✔ должен генерировать код сохранения выбранных опций (0.3635ms)
      ✔ должен генерировать логирование сохранения (0.4287ms)
    ✔ Сохранение в БД (1.0797ms)
    ▶ Переход к следующему узлу
      ✔ должен генерировать код перехода к целевому узлу (0.833ms)
      ✔ должен генерировать инициализацию multi-select состояния (1.5864ms)
      ✔ должен генерировать восстановление из БД (1.0316ms)
    ✔ Переход к следующему узлу (3.9156ms)
    ▶ Генерация клавиатуры
      ✔ должен генерировать inline клавиатуру с галочками (0.7602ms)
      ✔ должен генерировать reply клавиатуру с галочками (0.369ms)
      ✔ должен генерировать кнопку "Готово" (0.4128ms)
      ✔ должен генерировать adjust() для раскладки (0.2913ms)
    ✔ Генерация клавиатуры (2.2018ms)
    ▶ Невалидные данные
      ✔ должен отклонять параметры с отсутствующим multiSelectNodes (1.6816ms)
      ✔ должен отклонять параметры с неправильным типом (0.6579ms)
    ✔ Невалидные данные (2.5834ms)
    ▶ Валидация схемы
      ✔ должен принимать все поля корректных типов (0.5875ms)
      ✔ должен использовать indentLevel по умолчанию (0.2692ms)
      ✔ должен принимать targetNode как опциональное поле (0.2481ms)
    ✔ Валидация схемы (1.3312ms)
    ▶ Производительность
      ✔ должен генерировать код быстрее 5ms (0.6556ms)
      ✔ должен генерировать код 50 раз быстрее 100ms (3.8285ms)
    ✔ Производительность (4.7156ms)
  ✔ generateMultiSelectDone() (46.8564ms)
  ▶ multiSelectDoneParamsSchema
    ▶ Структура схемы
      ✔ должен иметь 4 поля (0.5065ms)
      ✔ должен использовать ZodOptional для indentLevel (0.1669ms)
    ✔ Структура схемы (0.8101ms)
  ✔ multiSelectDoneParamsSchema (1.2704ms)
✔ multi-select-done.py.jinja2 шаблон (48.6451ms)
▶ multi-select-callback.py.jinja2 шаблон
  ▶ generateMultiSelectCallback()
    ▶ Валидные данные
      ✔ должен генерировать обработчик для базового multi-select узла (28.3035ms)
      ✔ должен генерировать обработчик с обычными кнопками (1.6234ms)
      ✔ должен генерировать обработчик для нескольких узлов (0.6779ms)
      ✔ должен генерировать обработчик с раскладкой (0.438ms)
      ✔ должен генерировать пустой вывод для пустого массива узлов (0.8546ms)
      ✔ должен использовать custom indent (0.5432ms)
    ✔ Валидные данные (33.4717ms)
    ▶ Callback data генерация
      ✔ должен генерировать правильный callback_data для кнопок (0.3499ms)
      ✔ должен генерировать done callback_data (0.4255ms)
      ✔ должен генерировать поиск узла по короткому ID (0.4602ms)
    ✔ Callback data генерация (1.5839ms)
    ▶ Логика выбора
      ✔ должен генерировать код добавления/удаления выбора (0.4318ms)
      ✔ должен генерировать восстановление из БД (0.32ms)
      ✔ должен генерировать обновление клавиатуры (0.4823ms)
    ✔ Логика выбора (1.4806ms)
    ▶ Галочки на кнопках
      ✔ должен генерировать кнопки с галочками (0.6543ms)
      ✔ должен генерировать escaped текст для кнопок (0.3343ms)
    ✔ Галочки на кнопках (1.2241ms)
    ▶ Невалидные данные
      ✔ должен отклонять параметры с отсутствующим multiSelectNodes (1.0158ms)
      ✔ должен отклонять параметры с неправильным типом (0.2625ms)
    ✔ Невалидные данные (1.4371ms)
    ▶ Валидация схемы
      ✔ должен принимать все поля корректных типов (0.234ms)
      ✔ должен использовать indentLevel по умолчанию (0.1384ms)
      ✔ должен принимать completeButton как опциональное поле (0.242ms)
    ✔ Валидация схемы (0.7606ms)
    ▶ Производительность
      ✔ должен генерировать код быстрее 10ms (0.4834ms)
      ✔ должен генерировать код 100 раз быстрее 50ms (14.1924ms)
    ✔ Производительность (14.8153ms)
    ▶ Отступы
      ✔ должен генерировать правильные отступы для всех строк (0.3883ms)
    ✔ Отступы (0.467ms)
  ✔ generateMultiSelectCallback() (56.0382ms)
  ▶ multiSelectCallbackParamsSchema
    ▶ Структура схемы
      ✔ должен иметь 3 поля (0.1705ms)
      ✔ должен использовать ZodOptional для indentLevel (0.1255ms)
      ✔ должен использовать ZodDefault для indentLevel (0.0891ms)
    ✔ Структура схемы (0.4893ms)
  ✔ multiSelectCallbackParamsSchema (0.5937ms)
✔ multi-select-callback.py.jinja2 шаблон (57.1715ms)
▶ generateMultiSelectButtonHandler
  ▶ Валидные данные
    ✔ должен генерировать обработчик с done кнопкой (28.4925ms)
    ✔ должен генерировать логику сохранения выбранных значений в БД (0.6879ms)
    ✔ должен генерировать очистку состояния после done (1.1614ms)
    ✔ должен генерировать переход к следующему узлу (0.9893ms)
    ✔ должен генерировать специальную логику для metro_selection (0.3653ms)
    ✔ должен генерировать обработчик без done кнопки (0.2648ms)
  ✔ Валидные данные (33.0716ms)
  ▶ Логика сохранения переменных
    ✔ должен сохранять переменную из узла при наличии inputVariable (0.3646ms)
    ✔ должен сохранять кнопку как есть при отсутствии inputVariable (0.4833ms)
    ✔ должен пропускать сохранение при skipDataCollection=true (0.8013ms)
  ✔ Логика сохранения переменных (2.0769ms)
  ▶ Callback data генерация
    ✔ должен использовать правильный формат callback_data (0.463ms)
    ✔ должен использовать безопасное имя функции (0.2502ms)
  ✔ Callback data генерация (0.8173ms)
  ▶ Невалидные данные
    ✔ должен выбрасывать ошибку при отсутствии callbackData (1.5066ms)
    ✔ должен выбрасывать ошибку при неправильном типе button (0.509ms)
  ✔ Невалидные данные (2.2442ms)
  ▶ Валидация схемы
    ✔ должна принимать валидные параметры (0.3191ms)
    ✔ должна принимать параметры без targetNode (0.1666ms)
    ✔ должна принимать параметры с custom indent (0.1567ms)
  ✔ Валидация схемы (0.7742ms)
  ▶ Отступы
    ✔ должен использовать отступ по умолчанию (0.3574ms)
    ✔ должен использовать custom indent (0.2584ms)
  ✔ Отступы (0.7071ms)
  ▶ Производительность
    ✔ должен быстро генерировать код для одного узла (2.7077ms)
    ✔ должен быстро генерировать код для множества узлов (3.1605ms)
  ✔ Производительность (6.0151ms)
✔ generateMultiSelectButtonHandler (46.6491ms)
▶ generateCommandCallbackHandler
  ✔ должен генерировать обработчик для командной callback кнопки (13.4767ms)
  ✔ должен генерировать FakeCallbackQuery класс для start узла (0.7463ms)
  ✔ должен генерировать fake_message объект для command узла (0.634ms)
  ✔ должен генерировать обработчик для команды меню (0.383ms)
  ✔ должен генерировать обработчик для команды настроек (0.2333ms)
  ✔ должен генерировать обработчик для неизвестной команды (0.2599ms)
  ✔ должен экранировать специальные символы в тексте кнопки (0.3403ms)
  ✔ должен генерировать логирование выполнения команды (0.4572ms)
  ✔ должен заменять дефисы в callbackData на подчёркивания в имени функции (0.6454ms)
✔ generateCommandCallbackHandler (18.7692ms)
▶ button-response.py.jinja2 шаблон
  ▶ generateButtonResponse()
    ▶ Валидные данные
      ✔ должен генерировать обработчик для базового button-response (21.3224ms)
      ✔ должен генерировать обработчик с allowSkip (3.0398ms)
      ✔ должен генерировать обработчик с URL кнопками (1.0326ms)
      ✔ должен генерировать обработчик с command навигацией (0.5785ms)
      ✔ должен генерировать обработчик для нескольких узлов (0.3651ms)
      ✔ должен генерировать обработчик с множественным выбором (0.3108ms)
      ✔ должен генерировать пустой вывод для пустого массива узлов (0.2111ms)
    ✔ Валидные данные (27.9695ms)
    ▶ Обработка одиночного выбора
      ✔ должен генерировать код сохранения одиночного выбора (0.3725ms)
      ✔ должен генерировать сообщение об успехе (0.4419ms)
      ✔ должен генерировать очистку состояния (0.5425ms)
    ✔ Обработка одиночного выбора (1.6085ms)
    ▶ Обработка множественного выбора
      ✔ должен генерировать код добавления/удаления выбора (0.471ms)
      ✔ должен генерировать обработку кнопки "Готово" (0.718ms)
      ✔ должен генерировать структурированный ответ для множественного выбора (0.5114ms)
    ✔ Обработка множественного выбора (1.9052ms)
    ▶ Навигация
      ✔ должен генерировать навигацию по target_node_id (0.7043ms)
      ✔ должен генерировать навигацию по next_node_id (0.3544ms)
      ✔ должен генерировать обработку URL кнопок (0.2654ms)
      ✔ должен генерировать fake_message для command (0.4069ms)
    ✔ Навигация (2.0829ms)
    ▶ Логирование
      ✔ должен генерировать логирование сохранения в БД (1.2812ms)
      ✔ должен генерировать логирование ошибок навигации (1.8941ms)
    ✔ Логирование (4.7168ms)
    ▶ Невалидные данные
      ✔ должен отклонять параметры с отсутствующим userInputNodes (6.3992ms)
      ✔ должен отклонять параметры с неправильным типом (1.0266ms)
    ✔ Невалидные данные (7.982ms)
    ▶ Валидация схемы
      ✔ должен принимать все поля корректных типов (0.8743ms)
      ✔ должен использовать hasUrlButtonsInProject по умолчанию false (0.3492ms)
      ✔ должен использовать indentLevel по умолчанию (0.217ms)
    ✔ Валидация схемы (1.7338ms)
    ▶ Производительность
      ✔ должен генерировать код быстрее 10ms (0.7151ms)
      ✔ должен генерировать код 100 раз быстрее 50ms (17.8301ms)
    ✔ Производительность (18.8036ms)
  ✔ generateButtonResponse() (68.0143ms)
  ▶ buttonResponseParamsSchema
    ▶ Структура схемы
      ✔ должен иметь 4 поля (0.2747ms)
      ✔ должен использовать ZodOptional для hasUrlButtonsInProject (0.2285ms)
      ✔ должен использовать ZodOptional для indentLevel (0.0908ms)
    ✔ Структура схемы (0.7181ms)
  ✔ buttonResponseParamsSchema (1.0204ms)
✔ button-response.py.jinja2 шаблон (69.62ms)
▶ generateHandleUserInput()
  ▶ проверка состояния waiting_for_input
    ✔ генерирует проверку has_waiting_state (13.0014ms)
    ✔ генерирует DEBUG лог с текстом сообщения (0.3487ms)
    ✔ генерирует if-блок проверки waiting_for_input (0.1908ms)
    ✔ генерирует проверку пустого waiting_config (0.2761ms)
  ✔ проверка состояния waiting_for_input (14.8928ms)
  ▶ извлечение конфигурации
    ✔ извлекает waiting_node_id (0.5953ms)
    ✔ извлекает input_type с дефолтом text (0.31ms)
    ✔ извлекает variable_name с дефолтом user_response (0.2046ms)
    ✔ извлекает min_length и max_length (0.458ms)
    ✔ извлекает next_node_id и appendVariable (0.5412ms)
  ✔ извлечение конфигурации (2.7602ms)
  ▶ проверка медиа-типа
    ✔ генерирует проверку медиа-типов (0.6467ms)
    ✔ возвращает return при медиа-типе (0.3109ms)
  ✔ проверка медиа-типа (1.1042ms)
  ▶ валидация длины
    ✔ генерирует проверку минимальной длины (0.1992ms)
    ✔ генерирует проверку максимальной длины (0.13ms)
    ✔ использует retry_message из конфига (0.1801ms)
  ✔ валидация длины (0.7397ms)
  ▶ валидация типа ввода
    ✔ генерирует валидацию email (0.1791ms)
    ✔ генерирует валидацию number (0.1284ms)
    ✔ генерирует валидацию phone (0.1282ms)
  ✔ валидация типа ввода (0.5529ms)
  ▶ очистка состояния
    ✔ удаляет waiting_for_input после обработки (0.1591ms)
    ✔ логирует успешный переход (0.1296ms)
    ✔ логирует полученный ввод (0.1267ms)
  ✔ очистка состояния (0.5211ms)
  ▶ отступы
    ✔ дефолтный отступ — 4 пробела (0.16ms)
    ✔ кастомный отступ — 8 пробелов (0.8637ms)
    ✔ пустой отступ — без пробелов (0.3855ms)
  ✔ отступы (1.6242ms)
✔ generateHandleUserInput() (23.1839ms)
▶ handleUserInputParamsSchema
  ✔ принимает пустой объект (0.1824ms)
  ✔ принимает indentLevel (0.1191ms)
  ✔ отклоняет числовой indentLevel (0.6105ms)
✔ handleUserInputParamsSchema (1.1422ms)
▶ Производительность
  ✔ generateHandleUserInput: быстрее 10ms (0.2097ms)
✔ Производительность (0.3068ms)
▶ качество кода — пустые строки
  ✔ не содержит более 2 пустых строк подряд (1.609ms)
  ✔ не содержит строк только из пробелов (0.3035ms)
✔ качество кода — пустые строки (2.01ms)
▶ generateFakeCallback()
  ✔ генерирует fake_callback объект (9.3075ms)
  ✔ генерирует fake_message объект (0.2993ms)
  ✔ генерирует вызов handle_callback с safeFunctionName (0.3767ms)
  ✔ генерирует logging.info с ID узлов (0.2405ms)
  ✔ генерирует data с targetNodeId (0.2021ms)
  ✔ применяет кастомный отступ (0.3472ms)
  ✔ использует safeFunctionName с подчёркиваниями (0.3175ms)
✔ generateFakeCallback() (12.2657ms)
▶ fakeCallbackParamsSchema
  ✔ принимает валидные параметры (0.3814ms)
  ✔ отклоняет отсутствие targetNodeId (0.7343ms)
✔ fakeCallbackParamsSchema (1.5955ms)
▶ Производительность
  ✔ generateFakeCallback: быстрее 10ms (0.3535ms)
✔ Производительность (0.4516ms)
▶ generateErrorHandler()
  ✔ генерирует except Exception as e: (7.7647ms)
  ✔ генерирует logging.error (0.3659ms)
  ✔ применяет кастомный отступ (0.6ms)
  ✔ работает без параметров (0.2231ms)
✔ generateErrorHandler() (10.2311ms)
▶ errorHandlerParamsSchema
  ✔ принимает пустой объект (0.2348ms)
  ✔ принимает indentLevel (0.1334ms)
  ✔ отклоняет числовой indentLevel (0.5885ms)
✔ errorHandlerParamsSchema (1.3462ms)
▶ Производительность
  ✔ generateErrorHandler: быстрее 10ms (0.369ms)
✔ Производительность (0.5217ms)
▶ database.py.jinja2 шаблон
  ▶ generateDatabase()
    ▶ Валидные данные
      ✔ должен генерировать функции БД при userDatabaseEnabled=true (15.4063ms)
      ✔ должен генерировать пустую строку при userDatabaseEnabled=false (0.5178ms)
      ✔ должен включать CREATE TABLE для bot_users (0.4671ms)
      ✔ должен включать CREATE TABLE для bot_messages (0.4968ms)
      ✔ должен включать docstring для init_database (0.2854ms)
      ✔ должен включать обработку ошибок (0.3788ms)
      ✔ должен включать get_moscow_time (0.4302ms)
      ✔ должен включать log_message (0.6629ms)
      ✔ должен включать get_user_ids_from_db (0.943ms)
      ✔ должен включать get_user_data_from_db (0.904ms)
      ✔ должен включать update_user_variable_in_db (0.3999ms)
      ✔ должен включать save_user_data_to_db (0.2845ms)
      ✔ должен включать save_user_to_db с avatar_url (0.2245ms)
    ✔ Валидные данные (23.1183ms)
    ▶ Невалидные данные
      ✔ должен отклонять параметры с неправильным типом (1.6206ms)
      ✔ должен использовать значения по умолчанию для отсутствующих полей (0.3479ms)
      ✔ должен отклонять string вместо boolean (0.2138ms)
      ✔ должен отклонять null вместо boolean (0.2129ms)
    ✔ Невалидные данные (2.6996ms)
    ▶ Граничные случаи
      ✔ должен генерировать все функции при включенной БД (0.7752ms)
      ✔ должен включать asyncpg.create_pool (0.4746ms)
      ✔ должен включать JSONB для user_data (0.418ms)
      ✔ должен включать ON CONFLICT для upsert (0.2805ms)
      ✔ должен возвращать пустую строку при false (0.2471ms)
      ✔ должен включать новые поля схемы (0.2705ms)
    ✔ Граничные случаи (3.1818ms)
    ▶ Производительность
      ✔ должен генерировать код быстрее 10ms (0.411ms)
      ✔ должен генерировать код 1000 раз быстрее 100ms (33.8757ms)
    ✔ Производительность (34.5124ms)
  ✔ generateDatabase() (64.2018ms)
  ▶ databaseParamsSchema
    ▶ Валидация типов
      ✔ должен принимать boolean поле (0.227ms)
      ✔ должен отклонять string вместо boolean (0.3166ms)
      ✔ должен отклонять number вместо boolean (0.5214ms)
      ✔ должен отклонять null вместо boolean (0.1483ms)
      ✔ должен принимать undefined (0.1006ms)
    ✔ Валидация типов (1.4898ms)
    ▶ Значения по умолчанию
      ✔ должен использовать false для всех полей по умолчанию (0.2236ms)
      ✔ должен принимать true для всех полей (0.1266ms)
    ✔ Значения по умолчанию (0.4366ms)
    ▶ Структура схемы
      ✔ должен иметь 4 поля (0.1921ms)
      ✔ должен использовать ZodDefault для всех полей (0.0922ms)
    ✔ Структура схемы (0.3692ms)
  ✔ databaseParamsSchema (2.5081ms)
✔ database.py.jinja2 шаблон (67.5858ms)
▶ generateCsvSafe()
  ✔ генерирует запись в CSV (11.4684ms)
  ✔ генерирует чтение из CSV (0.3338ms)
  ✔ генерирует try/except для записи (0.2079ms)
  ✔ генерирует проверку os.path.exists (0.2069ms)
  ✔ применяет кастомный отступ (0.7753ms)
✔ generateCsvSafe() (14.8193ms)
▶ generateSafeCsvWrite()
  ✔ генерирует запись через хелпер (0.4825ms)
✔ generateSafeCsvWrite() (0.7257ms)
▶ generateSafeCsvRead()
  ✔ генерирует чтение через хелпер (0.3835ms)
✔ generateSafeCsvRead() (0.6189ms)
▶ csvSafeParamsSchema
  ✔ принимает валидные параметры write (0.2484ms)
  ✔ принимает валидные параметры read (0.2773ms)
  ✔ отклоняет неверную операцию (0.7275ms)
✔ csvSafeParamsSchema (1.4261ms)
▶ Производительность
  ✔ generateCsvSafe: быстрее 10ms (0.1936ms)
✔ Производительность (0.3211ms)
▶ config.py.jinja2 шаблон
  ▶ generateConfig()
    ▶ Валидные данные
      ✔ должен генерировать код со всеми настройками (всё включено) (9.2517ms)
      ✔ должен генерировать код без PROJECT_ID (всё выключено) (0.361ms)
      ✔ должен генерировать только настройки БД (0.2697ms)
      ✔ должен генерировать только PROJECT_ID (0.3817ms)
      ✔ должен включать базовые настройки логирования (0.2313ms)
      ✔ должен включать ADMIN_IDS (0.4535ms)
      ✔ должен совпадать с ожидаемым выводом (всё включено) (0.3058ms)
      ✔ должен совпадать с ожидаемым выводом (всё выключено) (0.2195ms)
    ✔ Валидные данные (12.772ms)
    ▶ Невалидные данные
      ✔ должен отклонять параметры с неправильным типом (0.991ms)
      ✔ должен использовать значения по умолчанию для отсутствующих полей (0.406ms)
      ✔ должен отклонять string вместо boolean (0.187ms)
      ✔ должен отклонять число вместо null для projectId (0.1183ms)
    ✔ Невалидные данные (1.9369ms)
    ▶ Граничные случаи
      ✔ должен добавлять PROJECT_ID только при projectId !== null (0.4876ms)
      ✔ должен добавлять DATABASE_URL только при userDatabaseEnabled=true (0.1831ms)
      ✔ должен всегда включать базовые импорты и настройки (0.1228ms)
      ✔ должен включать user_data и all_user_vars (0.1118ms)
      ✔ должен включать PROJECT_DIR (0.1096ms)
    ✔ Граничные случаи (1.1946ms)
    ▶ Производительность
      ✔ должен генерировать код быстрее 10ms (0.1838ms)
      ✔ должен генерировать код 1000 раз быстрее 100ms (20.0543ms)
    ✔ Производительность (20.4591ms)
  ✔ generateConfig() (37.0205ms)
  ▶ configParamsSchema
    ▶ Валидация типов
      ✔ должен принимать все поля корректных типов (0.3679ms)
      ✔ должен отклонять string вместо boolean (0.1807ms)
      ✔ должен отклонять string вместо number для projectId (0.1414ms)
      ✔ должен принимать null для projectId (0.1032ms)
      ✔ должен принимать число для projectId (0.0883ms)
    ✔ Валидация типов (1.042ms)
    ▶ Значения по умолчанию
      ✔ должен использовать false для userDatabaseEnabled по умолчанию (0.1673ms)
      ✔ должен использовать null для projectId по умолчанию (0.0895ms)
      ✔ должен принимать значения для присутствующих полей (0.1324ms)
    ✔ Значения по умолчанию (0.4945ms)
    ▶ Структура схемы
      ✔ должен иметь 2 поля (0.2079ms)
      ✔ должен использовать ZodDefault для userDatabaseEnabled (0.1274ms)
      ✔ должен использовать ZodDefault для projectId (0.1342ms)
    ✔ Структура схемы (0.6188ms)
  ✔ configParamsSchema (2.5834ms)
✔ config.py.jinja2 шаблон (40.4237ms)
▶ generateConditionalMessages()
  ✔ генерирует проверку условных сообщений (177.9208ms)
  ✔ генерирует text = None (7.7428ms)
  ✔ генерирует if для первого условия (10.8207ms)
  ✔ генерирует elif для второго условия (6.4664ms)
  ✔ генерирует else с defaultText (4.2607ms)
  ✔ генерирует get_user_from_db (3.5522ms)
  ✔ работает с пустыми условиями (2.4948ms)
  ✔ применяет кастомный отступ (2.2808ms)
✔ generateConditionalMessages() (235.934ms)
▶ conditionalMessagesParamsSchema
  ✔ принимает валидные параметры (3.7613ms)
  ✔ принимает пустой массив условий (7.1303ms)
  ✔ отклоняет отсутствие defaultText (9.4742ms)
✔ conditionalMessagesParamsSchema (24.4147ms)
▶ Производительность
  ✔ generateConditionalMessages: быстрее 10ms (3.2002ms)
✔ Производительность (3.8747ms)
▶ generateConditionalInputHandler()
  ▶ проверка состояния
    ✔ генерирует проверку waiting_for_conditional_input (25.5373ms)
    ✔ извлекает config из user_data (0.5563ms)
    ✔ читает user_text из message.text (0.4071ms)
  ✔ проверка состояния (27.6614ms)
  ▶ skipDataCollection
    ✔ генерирует проверку skip_buttons (0.7748ms)
    ✔ генерирует поиск skip_button_target (0.676ms)
    ✔ генерирует очистку состояния при пропуске (2.4177ms)
    ✔ генерирует fake_callback для навигации пропуска (0.4007ms)
    ✔ генерирует навигацию к узлам при пропуске (0.4087ms)
    ✔ генерирует обработку ошибки при пропуске (0.4131ms)
  ✔ skipDataCollection (5.7938ms)
  ▶ сохранение ответа
    ✔ генерирует извлечение condition_id (0.4778ms)
    ✔ генерирует логику имени переменной (0.4253ms)
    ✔ сохраняет в user_data (0.3357ms)
    ✔ сохраняет в БД через update_user_data_in_db (0.4799ms)
    ✔ очищает состояние после сохранения (0.7027ms)
  ✔ сохранение ответа (2.7336ms)
  ▶ навигация после сохранения
    ✔ генерирует проверку next_node_id (0.7344ms)
    ✔ генерирует обработку profile_command (0.3579ms)
    ✔ генерирует fake_callback для навигации (0.3197ms)
    ✔ генерирует переход к узлам (0.3238ms)
    ✔ генерирует обработку ошибки навигации (0.3292ms)
  ✔ навигация после сохранения (2.5043ms)
  ▶ завершение обработки
    ✔ генерирует return в конце (0.492ms)
    ✔ return находится внутри if-блока (отступ ind2, не ind) (0.5007ms)
  ✔ завершение обработки (1.1631ms)
  ▶ пустые параметры
    ✔ работает без узлов (0.3567ms)
    ✔ без узлов нет навигации к конкретным узлам (0.202ms)
  ✔ пустые параметры (0.6747ms)
  ▶ отступы
    ✔ дефолтный отступ — 4 пробела (0.4939ms)
    ✔ кастомный отступ — 8 пробелов (1.1709ms)
  ✔ отступы (1.9364ms)
✔ generateConditionalInputHandler() (43.7193ms)
▶ conditionalInputHandlerParamsSchema
  ✔ принимает валидные параметры (0.8077ms)
  ✔ принимает пустые массивы (0.2032ms)
  ✔ отклоняет числовой indentLevel (1.0363ms)
✔ conditionalInputHandlerParamsSchema (2.8159ms)
▶ collectConditionalNavNodes()
  ✔ собирает id и safeName (0.5758ms)
  ✔ фильтрует null (0.125ms)
  ✔ устанавливает дефолтный type (0.1165ms)
✔ collectConditionalNavNodes() (1.0389ms)
▶ Производительность
  ✔ generateConditionalInputHandler: быстрее 10ms (0.2558ms)
✔ Производительность (0.3273ms)
▶ качество кода — пустые строки
  ✔ не содержит более 2 пустых строк подряд (0.2455ms)
  ✔ не содержит строк только из пробелов (0.4776ms)
✔ качество кода — пустые строки (0.8597ms)
▶ отсутствие мёртвого кода после return
  ✔ return находится внутри if-блока (отступ ind2, не ind) (0.7317ms)
  ✔ код после return не является мёртвым — return внутри if (0.6781ms)
✔ отсутствие мёртвого кода после return (1.7442ms)
▶ generateConditionalBranch()
  ✔ генерирует if для index=0 (11.7784ms)
  ✔ генерирует elif для index>0 (0.2927ms)
  ✔ не генерирует elif для index=0 (0.3287ms)
  ✔ не генерирует if для index>0 (0.3237ms)
  ✔ применяет кастомный отступ (0.1979ms)
  ✔ включает nodeId в условие (0.3262ms)
✔ generateConditionalBranch() (14.455ms)
▶ conditionalBranchParamsSchema
  ✔ принимает валидные параметры (0.4312ms)
  ✔ отклоняет отрицательный index (0.9474ms)
  ✔ отклоняет дробный index (0.3354ms)
  ✔ отклоняет отсутствие nodeId (0.706ms)
✔ conditionalBranchParamsSchema (2.8519ms)
▶ Производительность
  ✔ generateConditionalBranch: быстрее 10ms (0.8129ms)
✔ Производительность (1.0643ms)
▶ generateCommandNavigation()
  ✔ генерирует комментарий с именем команды (10.1421ms)
  ✔ генерирует вызов обработчика (0.2417ms)
  ✔ генерирует fake_message (0.2775ms)
  ✔ генерирует для команды /help (0.1968ms)
  ✔ применяет кастомный отступ (0.1604ms)
✔ generateCommandNavigation() (12.5565ms)
▶ commandNavigationParamsSchema
  ✔ принимает валидные параметры (1.2291ms)
  ✔ отклоняет отсутствие commandName (0.68ms)
  ✔ отклоняет отсутствие handlerName (0.7613ms)
✔ commandNavigationParamsSchema (3.1263ms)
▶ Производительность
  ✔ generateCommandNavigation: быстрее 10ms (0.8782ms)
✔ Производительность (1.3862ms)
▶ command.py.jinja2 шаблон
  ▶ generateCommand()
    ▶ Валидные данные
      ✔ должен генерировать базовый обработчик команды (62.5854ms)
      ✔ должен генерировать обработчик с проверкой приватности (1.5866ms)
      ✔ должен генерировать обработчик с проверкой администратора (1.5316ms)
      ✔ должен генерировать обработчик с проверкой авторизации (1.1091ms)
      ✔ должен генерировать обработчик с условными сообщениями (1.7203ms)
      ✔ должен генерировать inline клавиатуру (1.2375ms)
      ✔ должен генерировать reply клавиатуру (27.344ms)
      ✔ должен генерировать обработчики синонимов (1.595ms)
      ✔ должен генерировать разные команды для разных узлов (2.2993ms)
      ✔ должен генерировать HTML форматирование (1.1268ms)
      ✔ должен генерировать сохранение пользователя в БД (0.4812ms)
      ✔ должен генерировать логирование вызова команды (0.2995ms)
      ✔ должен генерировать URL кнопки (0.4278ms)
      ✔ должен генерировать fallback сообщение (0.4203ms)
    ✔ Валидные данные (106.2322ms)
    ▶ Проверки безопасности
      ✔ должен включать только isPrivateOnly проверку (0.4647ms)
      ✔ должен включать только adminOnly проверку (0.299ms)
      ✔ должен включать только requiresAuth проверку (0.4436ms)
    ✔ Проверки безопасности (1.4784ms)
    ▶ Условные сообщения
      ✔ должен сортировать условия по приоритету (1.3088ms)
      ✔ должен генерировать клавиатуру для условного сообщения (1.0186ms)
      ✔ должен генерировать fallback при отсутствии условий (1.1162ms)
    ✔ Условные сообщения (3.7881ms)
    ▶ Клавиатуры
      ✖ должен генерировать inline клавиатуру с callback (160.1219ms)
      ✔ должен генерировать inline клавиатуру с url (0.4354ms)
      ✔ должен генерировать reply клавиатуру (0.6787ms)
    ✖ Клавиатуры (161.4957ms)
    ▶ Синонимы
      ✔ должен генерировать обработчики для всех синонимов (0.3579ms)
      ✔ должен генерировать проверку типа чата для синонимов (0.5847ms)
      ✔ должен генерировать проверку администратора для синонимов (1.0227ms)
    ✔ Синонимы (2.164ms)
    ▶ Невалидные данные
      ✔ должен отклонять параметры с неправильным типом (1.2544ms)
      ✔ должен отклонять параметры с отсутствующим полем (0.2637ms)
      ✔ должен отклонять неправильный keyboardType (0.2414ms)
      ✔ должен отклонять неправильный formatMode (0.1521ms)
    ✔ Невалидные данные (2.0909ms)
    ▶ Валидация схемы
      ✔ должен принимать все поля корректных типов (0.1821ms)
      ✔ должен принимать undefined для всех опциональных полей (0.2738ms)
      ✔ должен принимать все значения enum для keyboardType (0.2241ms)
      ✔ должен принимать все значения enum для formatMode (0.1915ms)
      ✔ должен использовать undefined для synonyms по умолчанию (0.1236ms)
    ✔ Валидация схемы (1.1646ms)
    ▶ Производительность
      ✔ должен генерировать код быстрее 10ms (0.3151ms)
    ✔ Производительность (0.3871ms)
  ✖ generateCommand() (279.7592ms)
  ▶ commandParamsSchema
    ▶ Валидация типов
      ✔ должен принимать все поля корректных типов (0.1884ms)
      ✔ должен отклонять string вместо boolean (0.1608ms)
      ✔ должен отклонять неправильный enum для keyboardType (0.1508ms)
      ✔ должен отклонять неправильный enum для formatMode (0.1758ms)
      ✔ должен принимать conditionalMessages с правильной структурой (0.1532ms)
    ✔ Валидация типов (1.0482ms)
    ▶ Структура схемы
      ✔ должен иметь 19 полей (0.211ms)
      ✔ должен использовать ZodOptional для messageText (0.1709ms)
      ✔ должен использовать ZodOptional для keyboardType (0.1126ms)
      ✔ должен использовать ZodOptional для formatMode (0.1121ms)
      ✔ должен использовать ZodOptional для isPrivateOnly (0.1181ms)
      ✔ должен использовать ZodOptional для synonyms (0.113ms)
    ✔ Структура схемы (1.0495ms)
  ✔ commandParamsSchema (2.2825ms)
✖ command.py.jinja2 шаблон (282.6478ms)
▶ generateCallbackHandlerInit()
  ✔ генерирует callback_query.answer() (14.4824ms)
  ✔ генерирует init_user_variables (0.901ms)
  ✔ генерирует edit_reply_markup при hasHideAfterClick (0.3007ms)
  ✔ не генерирует edit_reply_markup без hasHideAfterClick (0.2596ms)
  ✔ генерирует сохранение variableFilters (0.6347ms)
  ✔ не генерирует variableFilters без фильтров (0.4774ms)
  ✔ применяет кастомный отступ (0.5932ms)
  ✔ генерирует try/except для answer() (0.6153ms)
✔ generateCallbackHandlerInit() (20.6075ms)
▶ callbackHandlerInitParamsSchema
  ✔ принимает валидные параметры (0.7152ms)
  ✔ отклоняет строку вместо boolean для hasHideAfterClick (1.4672ms)
  ✔ принимает null для variableFilters (0.273ms)
✔ callbackHandlerInitParamsSchema (3.1204ms)
▶ Производительность
  ✔ generateCallbackHandlerInit: быстрее 10ms (0.6068ms)
✔ Производительность (0.7301ms)
▶ broadcast-client.py.jinja2
  ▶ generateBroadcastClient()
    ✔ генерирует async def handle_broadcast_<nodeId> (25.1313ms)
    ✔ содержит комментарий Client API / Telethon (1.0876ms)
    ✔ содержит маркеры @@NODE_START и @@NODE_END (3.1556ms)
    ▶ Сессия
      ✔ проверяет db_pool и user_telegram_settings (0.8955ms)
      ✔ логирует user_id сессии (0.3656ms)
      ✔ возвращает ошибку если сессия не найдена (0.601ms)
    ✔ Сессия (2.2241ms)
    ▶ Получатели
      ✔ bot_users: SELECT из bot_users (0.5109ms)
      ✔ user_ids: SELECT из user_ids (0.6388ms)
      ✔ both: SELECT из обеих таблиц (1.0742ms)
      ✔ логирует userbot user_id (1.2674ms)
    ✔ Получатели (3.9892ms)
    ▶ Инициализация Telethon
      ✔ содержит TelegramClient и StringSession (0.6996ms)
      ✔ содержит get_full_media_path (0.2586ms)
      ✔ логирует инициализацию Telethon (0.2284ms)
    ✔ Инициализация Telethon (1.3862ms)
    ▶ Отправка
      ✔ содержит app.send_message (0.4463ms)
      ✔ содержит success_count, error_count, blocked_count (0.3126ms)
      ✔ содержит await app.connect() и await app.disconnect() (0.291ms)
      ✔ обрабатывает PEER_ID_INVALID (0.3087ms)
      ✔ содержит отчёт с Client API (0.2623ms)
      ✔ содержит successMessage в отчёте (0.3ms)
    ✔ Отправка (2.3236ms)
    ▶ Пустой broadcastNodes
      ✔ выводит предупреждение и broadcast_nodes = [] (0.3788ms)
    ✔ Пустой broadcastNodes (0.5233ms)
    ▶ Медиа
      ✔ содержит app.send_file (0.7594ms)
      ✔ fallback app.send_message если медиа не отправлено (0.5218ms)
    ✔ Медиа (1.5638ms)
    ▶ Автопереход
      ✔ содержит current_node_index и autoTransitionTo (0.6289ms)
      ✔ ищет следующий узел по индексу в broadcast_nodes (0.3376ms)
    ✔ Автопереход (1.1197ms)
    ▶ broadcastNodes в шаблоне
      ✔ встраивает id узла (0.3236ms)
      ✔ встраивает broadcast_nodes = [ (0.2572ms)
    ✔ broadcastNodes в шаблоне (0.7119ms)
    ▶ Невалидные данные
      ✔ отклоняет nodeId не строку (1.9572ms)
      ✔ отклоняет отсутствие nodeId (0.4527ms)
      ✔ отклоняет неправильный idSourceType (0.4121ms)
    ✔ Невалидные данные (3.0595ms)
    ▶ Граничные случаи
      ✔ разные nodeId → разные имена функций (0.9014ms)
    ✔ Граничные случаи (1.1627ms)
    ▶ Производительность
      ✔ генерирует код быстрее 10ms (0.7696ms)
      ✔ генерирует 1000 раз быстрее 200ms (55.23ms)
    ✔ Производительность (56.2731ms)
  ✔ generateBroadcastClient() (106.023ms)
  ▶ collectBroadcastNodes()
    ✔ собирает message-узлы с enableBroadcast=true (1.0689ms)
    ✔ разворачивает цепочку autoTransitionTo (0.2792ms)
    ✔ фильтрует по broadcastTargetNode (0.3486ms)
    ✔ возвращает пустой массив если нет подходящих узлов (0.1765ms)
  ✔ collectBroadcastNodes() (2.1962ms)
  ▶ broadcastClientParamsSchema
    ✔ принимает минимальный набор полей (0.361ms)
    ✔ дефолт idSourceType = bot_users (0.1525ms)
    ✔ принимает все значения idSourceType (0.2381ms)
    ✔ принимает broadcastNodes как массив (0.4184ms)
    ✔ использует ZodDefault для idSourceType (0.2719ms)
  ✔ broadcastClientParamsSchema (1.7566ms)
✔ broadcast-client.py.jinja2 (110.777ms)
▶ broadcast-bot.py.jinja2
  ▶ generateBroadcastBot()
    ✔ генерирует async def handle_broadcast_<nodeId> (23.6072ms)
    ✔ содержит комментарий Bot API / aiogram (0.4674ms)
    ✔ содержит маркеры @@NODE_START и @@NODE_END (0.4196ms)
    ▶ Получатели
      ✔ bot_users: SELECT из bot_users (0.5971ms)
      ✔ user_ids: SELECT из user_ids (0.7873ms)
      ✔ both: SELECT из обеих таблиц (0.5262ms)
    ✔ Получатели (2.2231ms)
    ▶ Отправка
      ✔ содержит replace_variables_in_text (0.4099ms)
      ✔ содержит bot.send_message (0.5246ms)
      ✔ содержит success_count и error_count (0.4811ms)
      ✔ содержит asyncio.sleep (0.4947ms)
      ✔ содержит обработку ошибок (0.2293ms)
      ✔ содержит successMessage в отчёте (0.2624ms)
    ✔ Отправка (2.7657ms)
    ▶ Пустой broadcastNodes
      ✔ выводит предупреждение и broadcast_nodes = [] (0.1962ms)
    ✔ Пустой broadcastNodes (0.2692ms)
    ▶ Медиа
      ✔ содержит bot.send_photo (1.3418ms)
      ✔ содержит fallback bot.send_message при media_sent=False (0.5763ms)
      ✔ содержит fallback медиа в блоке except (0.4427ms)
    ✔ Медиа (2.6197ms)
    ▶ Автопереход
      ✔ содержит FakeCallbackQuery и handle_callback_ (0.8674ms)
      ✔ содержит all_nodes_dict для отправки следующего узла (0.2489ms)
      ✔ логирует статус поиска handler (0.1709ms)
    ✔ Автопереход (1.4678ms)
    ▶ broadcastNodes в шаблоне
      ✔ встраивает id узла (0.1837ms)
      ✔ встраивает broadcast_nodes = [ (0.1644ms)
    ✔ broadcastNodes в шаблоне (0.4302ms)
    ▶ Невалидные данные
      ✔ отклоняет nodeId не строку (0.9359ms)
      ✔ отклоняет отсутствие nodeId (0.1901ms)
      ✔ отклоняет неправильный idSourceType (0.1907ms)
    ✔ Невалидные данные (1.4319ms)
    ▶ Граничные случаи
      ✔ разные nodeId → разные имена функций (0.2409ms)
    ✔ Граничные случаи (0.3031ms)
    ▶ Производительность
      ✔ генерирует код быстрее 10ms (0.1838ms)
      ✔ генерирует 1000 раз быстрее 200ms (41.1282ms)
    ✔ Производительность (41.5428ms)
  ✔ generateBroadcastBot() (79.0046ms)
  ▶ collectBroadcastNodes()
    ✔ собирает message-узлы с enableBroadcast=true (0.9682ms)
    ✔ разворачивает цепочку autoTransitionTo (0.27ms)
    ✔ фильтрует по broadcastTargetNode (0.7417ms)
    ✔ возвращает пустой массив если нет подходящих узлов (0.4465ms)
  ✔ collectBroadcastNodes() (3.449ms)
  ▶ broadcastBotParamsSchema
    ✔ принимает минимальный набор полей (0.4751ms)
    ✔ дефолт idSourceType = bot_users (0.2595ms)
    ✔ принимает все значения idSourceType (0.2817ms)
    ✔ принимает broadcastNodes как массив (0.3027ms)
    ✔ использует ZodDefault для idSourceType (0.2763ms)
  ✔ broadcastBotParamsSchema (1.8847ms)
✔ broadcast-bot.py.jinja2 (85.116ms)
▶ generateAutoTransition()
  ✔ генерирует проверку is_fake_callback (10.9816ms)
  ✔ генерирует вызов handle_callback для существующего узла (0.2658ms)
  ✔ генерирует предупреждение для несуществующего узла (0.2666ms)
  ✔ генерирует logging.info с ID узлов (0.3303ms)
  ✔ генерирует return в конце (0.5891ms)
  ✔ применяет кастомный отступ (0.6817ms)
  ✔ заменяет дефис на подчёркивание в имени функции (0.5889ms)
✔ generateAutoTransition() (15.464ms)
▶ autoTransitionParamsSchema
  ✔ принимает валидные параметры (0.3073ms)
  ✔ отклоняет отсутствие nodeId (0.7037ms)
  ✔ отклоняет строку вместо boolean для targetExists (0.3593ms)
✔ autoTransitionParamsSchema (1.7148ms)
▶ Производительность
  ✔ generateAutoTransition: быстрее 10ms (0.2404ms)
✔ Производительность (0.3166ms)
▶ generateAttachedMediaVars()
  ✔ генерирует установку imageUrl переменной (18.3612ms)
  ✔ генерирует установку videoUrl переменной (1.1692ms)
  ✔ возвращает пустую строку без attachedMedia (0.5474ms)
  ✔ генерирует logging.info с nodeId (1.7123ms)
  ✔ применяет кастомный отступ (1.669ms)
✔ generateAttachedMediaVars() (25.6194ms)
▶ attachedMediaVarsParamsSchema
  ✔ принимает валидные параметры (1.4378ms)
  ✔ использует пустой массив по умолчанию для attachedMedia (6.759ms)
  ✔ отклоняет отсутствие nodeId (1.5038ms)
✔ attachedMediaVarsParamsSchema (10.6003ms)
▶ Производительность
  ✔ generateAttachedMediaVars: быстрее 10ms (1.2351ms)
✔ Производительность (1.7564ms)
▶ attached-media.py.jinja2 шаблон
  ▶ Одиночные файлы (ветка 3)
    ✔ должен генерировать отправку одного фото (45.2037ms)
    ✔ должен генерировать отправку одного видео (0.9546ms)
    ✔ должен генерировать отправку одного документа (0.4819ms)
    ✔ должен генерировать отправку одного аудио (0.4397ms)
    ✔ должен использовать FSInputFile для локальных файлов (1.2549ms)
    ✔ должен использовать URL напрямую для внешних файлов (0.4363ms)
  ✔ Одиночные файлы (ветка 3) (49.9649ms)
  ▶ Медиагруппы (ветка 3)
    ✔ должен генерировать send_media_group для нескольких фото (0.439ms)
    ✔ должен добавлять caption только к первому элементу группы (0.9612ms)
    ✔ должен разделять фото и документы на разные группы (0.637ms)
    ✔ должен отправлять клавиатуру отдельным сообщением при медиагруппе (1.098ms)
  ✔ Медиагруппы (ветка 3) (3.6881ms)
  ▶ Клавиатура (ветка 3)
    ✔ должен отправлять только первый файл при наличии inline клавиатуры (0.3573ms)
  ✔ Клавиатура (ветка 3) (0.4688ms)
  ▶ Форматирование (ветка 3)
    ✔ должен добавлять parse_mode HTML (0.1903ms)
    ✔ должен добавлять parse_mode Markdown (0.1515ms)
    ✔ не должен добавлять parse_mode при formatMode none (0.1458ms)
  ✔ Форматирование (ветка 3) (0.6622ms)
  ▶ Контекст обработчика (ветка 3)
    ✔ должен использовать message.from_user.id в контексте message (0.2217ms)
    ✔ должен использовать callback_query.from_user.id в контексте callback (0.1433ms)
  ✔ Контекст обработчика (ветка 3) (0.4591ms)
  ▶ autoTransitionTo (ветка 3)
    ✔ должен генерировать FakeCallbackQuery при autoTransitionTo (0.3182ms)
    ✔ не должен генерировать FakeCallbackQuery без autoTransitionTo (0.1567ms)
  ✔ autoTransitionTo (ветка 3) (0.5672ms)
  ▶ fallbackUseSafeEdit (ветка 3)
    ✔ должен использовать safe_edit_or_send в fallback при fallbackUseSafeEdit=true (0.1917ms)
    ✔ должен использовать msg.answer в fallback по умолчанию (0.1341ms)
  ✔ fallbackUseSafeEdit (ветка 3) (0.4071ms)
  ▶ Обработка ошибок (ветка 3)
    ✔ должен генерировать try/except блок (0.1697ms)
    ✔ должен генерировать logging.error при ошибке (0.1299ms)
  ✔ Обработка ошибок (ветка 3) (0.3762ms)
  ▶ Пустые данные
    ✔ должен возвращать пустую строку при пустом массиве (0.1415ms)
    ✔ должен возвращать пустую строку при отсутствии attachedMedia (0.125ms)
  ✔ Пустые данные (0.3481ms)
  ▶ Статическое изображение (ветка 1)
    ✔ должен генерировать send_photo для внешнего URL (0.2917ms)
    ✔ должен использовать FSInputFile для локального статического изображения (0.1385ms)
    ✔ должен оборачивать в if not is_fake_callback при isFakeCallbackCheck=true (0.2118ms)
    ✔ не должен оборачивать в if not is_fake_callback по умолчанию (0.1296ms)
    ✔ должен генерировать FakeCallbackQuery при autoTransitionTo (0.1928ms)
    ✔ должен вставлять waitingStateCode в шаблон (0.1653ms)
    ✔ должен использовать safe_edit_or_send в fallback при fallbackUseSafeEdit=true (0.1616ms)
    ✔ должен генерировать try/except блок (0.1831ms)
  ✔ Статическое изображение (ветка 1) (1.7445ms)
  ▶ Динамическое медиа из БД (ветка 2)
    ✔ должен генерировать поиск переменной в all_user_vars (0.5153ms)
    ✔ должен проверять photoUrl для типа photo (0.489ms)
    ✔ должен проверять videoUrl для типа video (0.6076ms)
    ✔ должен генерировать fallback на текст если медиа не найдено (0.2306ms)
    ✔ должен генерировать FakeCallbackQuery при autoTransitionTo (0.2121ms)
    ✔ должен использовать safe_edit_or_send в fallback при fallbackUseSafeEdit=true (0.1438ms)
    ✔ должен генерировать try/except блок (0.1295ms)
    ✔ должен использовать callback_query.from_user.id в контексте callback (0.1198ms)
    ✔ должен использовать message.from_user.id в контексте message (0.1236ms)
  ✔ Динамическое медиа из БД (ветка 2) (3.1841ms)
  ▶ Логирование
    ✔ должен генерировать logging.info при отправке (ветка 3) (0.2028ms)
    ✔ должен включать nodeId в сообщение лога (ветка 3) (0.1393ms)
    ✔ должен генерировать logging.info при отправке (ветка 1) (0.1463ms)
  ✔ Логирование (0.5921ms)
  ▶ Производительность
    ✔ должен генерировать код быстрее 10ms (0.1757ms)
    ✔ должен генерировать код 1000 раз быстрее 100ms (45.8134ms)
  ✔ Производительность (46.2146ms)
  ▶ attachedMediaParamsSchema
    ✔ должен принимать корректные параметры (0.6874ms)
    ✔ должен отклонять отсутствующий nodeId (1.3818ms)
    ✔ должен отклонять неправильный тип (0.2996ms)
    ✔ должен принимать все значения enum для formatMode (0.2104ms)
    ✔ должен принимать все значения enum для keyboardType (0.1935ms)
    ✔ должен принимать все значения enum для handlerContext (0.1844ms)
    ✔ должен применять default значения (1.1932ms)
    ✔ должен принимать новые поля: staticImageUrl, mediaVariable, autoTransitionTo (0.2573ms)
  ✔ attachedMediaParamsSchema (4.7962ms)
✔ attached-media.py.jinja2 шаблон (115.2997ms)
▶ generateAnimationHandler()
  ✔ генерирует send_animation для URL (14.8047ms)
  ✔ генерирует FSInputFile для /uploads/ пути (0.915ms)
  ✔ возвращает пустую строку без animationUrl (0.3779ms)
  ✔ применяет кастомный отступ (0.3723ms)
  ✔ передаёт caption=text и parse_mode (0.5148ms)
✔ generateAnimationHandler() (18.5936ms)
▶ animationHandlerParamsSchema
  ✔ принимает валидные параметры (0.4666ms)
  ✔ принимает пустой объект (0.2635ms)
  ✔ отклоняет числовой animationUrl (1.2266ms)
✔ animationHandlerParamsSchema (2.4065ms)
▶ Производительность
  ✔ generateAnimationHandler: быстрее 10ms (0.5912ms)
✔ Производительность (1.0398ms)
▶ generateAdminRightsHandler()
  ▶ command handler
    ✔ генерирует command handler с правильной командой (19.4519ms)
    ✔ кастомная команда (1.4251ms)
    ✔ проверяет права вызывающего пользователя (2.6392ms)
    ✔ определяет target_user_id через reply, mention, ID (0.7258ms)
  ✔ command handler (25.3623ms)
  ▶ callback handler
    ✔ генерирует callback handler с nodeId (0.6991ms)
    ✔ проверяет права бота (1.0255ms)
    ✔ содержит messageText (1.118ms)
  ✔ callback handler (3.4072ms)
  ▶ keyboard builder
    ✔ генерирует функцию создания клавиатуры (0.9108ms)
    ✔ содержит все 11 прав администратора (0.7963ms)
    ✔ генерирует get_admin_rights функцию (0.8131ms)
  ✔ keyboard builder (2.8809ms)
  ▶ toggle handlers
    ✔ генерирует toggle handler для каждого права (0.6618ms)
    ✔ toggle handler парсит callback_data (0.4861ms)
    ✔ toggle handler вызывает promote_chat_member (0.4559ms)
  ✔ toggle handlers (1.8145ms)
  ▶ refresh handler
    ✔ генерирует refresh handler (0.5733ms)
  ✔ refresh handler (0.7431ms)
  ▶ safe_name изоляция
    ✔ разные узлы не конфликтуют по именам функций (2.5014ms)
  ✔ safe_name изоляция (2.6541ms)
✔ generateAdminRightsHandler() (37.897ms)
▶ adminRightsParamsSchema
  ✔ принимает валидные параметры (0.3574ms)
  ✔ применяет defaults для messageText и command (0.2726ms)
  ✔ отклоняет отсутствие nodeId (0.5751ms)
✔ adminRightsParamsSchema (1.3795ms)
▶ Производительность
  ✔ generateAdminRightsHandler: быстрее 20ms (0.4398ms)
✔ Производительность (0.5136ms)
