client/components/editor/bot/BotDatabaseToggle.tsx(24,3): error TS6133: 'projectId' is declared but its value is never read.
client/components/editor/canvas/canvas-node/buttons-preview.tsx(51,9): error TS6133: 'completeButton' is declared but its value is never read.
client/components/editor/header/components/logo.tsx(23,35): error TS6133: 'isVertical' is declared but its value is never read.
client/components/editor/header/components/mobile-actions.tsx(7,1): error TS6133: 'ToggleHeaderButton' is declared but its value is never read.
client/components/editor/header/components/mobile-actions.tsx(8,1): error TS6133: 'ToggleSidebarButton' is declared but its value is never read.
client/components/editor/header/components/mobile-actions.tsx(9,1): error TS6133: 'ToggleCanvasButton' is declared but its value is never read.
client/components/editor/header/components/mobile-actions.tsx(10,1): error TS6133: 'TogglePropertiesButton' is declared but its value is never read.
client/components/editor/header/components/mobile-actions.tsx(11,1): error TS6133: 'ToggleCodeButton' is declared but its value is never read.
client/components/editor/header/components/mobile-actions.tsx(12,1): error TS6133: 'ToggleCodeEditorButton' is declared but its value is never read.
client/components/editor/header/components/mobile-actions.tsx(13,1): error TS6133: 'OpenFileExplorerButton' is declared but its value is never read.
client/components/editor/header/components/mobile-actions.tsx(17,1): error TS6133: 'ThemeToggle' is declared but its value is never read.
client/components/editor/header/components/mobile-actions.tsx(57,3): error TS6133: 'onToggleHeader' is declared but its value is never read.
client/components/editor/header/components/mobile-actions.tsx(58,3): error TS6133: 'onToggleSidebar' is declared but its value is never read.
client/components/editor/header/components/mobile-actions.tsx(59,3): error TS6133: 'onToggleCanvas' is declared but its value is never read.
client/components/editor/header/components/mobile-actions.tsx(60,3): error TS6133: 'onToggleProperties' is declared but its value is never read.
client/components/editor/header/components/mobile-actions.tsx(61,3): error TS6133: 'onToggleCode' is declared but its value is never read.
client/components/editor/header/components/mobile-actions.tsx(62,3): error TS6133: 'onToggleCodeEditor' is declared but its value is never read.
client/components/editor/header/components/mobile-actions.tsx(63,3): error TS6133: 'onOpenFileExplorer' is declared but its value is never read.
client/components/editor/header/components/mobile-actions.tsx(66,3): error TS6133: 'headerVisible' is declared but its value is never read.
client/components/editor/header/components/mobile-actions.tsx(67,3): error TS6133: 'sidebarVisible' is declared but its value is never read.
client/components/editor/header/components/mobile-actions.tsx(68,3): error TS6133: 'canvasVisible' is declared but its value is never read.
client/components/editor/header/components/mobile-actions.tsx(69,3): error TS6133: 'propertiesVisible' is declared but its value is never read.
client/components/editor/header/components/mobile-actions.tsx(70,3): error TS6133: 'codeVisible' is declared but its value is never read.
client/components/editor/header/components/mobile-actions.tsx(71,3): error TS6133: 'codeEditorVisible' is declared but its value is never read.
client/components/editor/header/components/mobile-menu.tsx(44,3): error TS6133: 'contentClassName' is declared but its value is never read.
client/components/editor/header/components/telegram-chat-invite.tsx(23,9): error TS6133: 'showDesktopLabel' is declared but its value is never read.
client/components/editor/header/types/adaptive-header-props.ts(6,30): error TS2307: Cannot find module '../../layout/layout-manager' or its corresponding type declarations.
client/components/editor/properties/components/button-card/button-card-header.tsx(29,3): error TS6133: 'allowMultipleSelection' is declared but its value is never read.
client/components/editor/properties/components/button-card/button-card-header.tsx(31,3): error TS6133: 'nodeId' is declared but its value is never read.
client/components/editor/properties/components/button-card/button-card-header.tsx(32,3): error TS6133: 'onButtonUpdate' is declared but its value is never read.
client/components/editor/properties/components/button-card/index.ts(8,15): error TS2307: Cannot find module './button-type-selector-card' or its corresponding type declarations.
client/components/editor/properties/components/configuration/content-management-configuration.tsx(153,11): error TS2322: Type '{ synonyms: string[]; onUpdate: (synonyms: string[]) => void; title: string; description: string; placeholder: string; }' is not assignable to type 'IntrinsicAttributes & Omit<SynonymEditorProps, "title">'.
  Property 'title' does not exist on type 'IntrinsicAttributes & Omit<SynonymEditorProps, "title">'.
client/components/editor/properties/components/configuration/user-management-configuration.tsx(233,11): error TS2322: Type '{ synonyms: string[]; onUpdate: (synonyms: string[]) => void; title: string; description: string; placeholder: string; }' is not assignable to type 'IntrinsicAttributes & Omit<SynonymEditorProps, "title">'.
  Property 'title' does not exist on type 'IntrinsicAttributes & Omit<SynonymEditorProps, "title">'.
client/components/editor/properties/components/keyboard/keyboard-layout-actions.tsx(6,1): error TS6133: 'React' is declared but its value is never read.
client/components/editor/properties/components/keyboard/keyboard-preset-selector.tsx(6,1): error TS6133: 'React' is declared but its value is never read.
client/components/editor/properties/components/keyboard/keyboard-section-header.tsx(27,3): error TS6133: 'selectedNode' is declared but its value is never read.
client/components/editor/properties/components/main/basic-settings-section.tsx(126,15): error TS2322: Type '{ synonyms: string[]; onUpdate: (synonyms: string[]) => void; title: string; description: string; placeholder: string; }' is not assignable to type 'IntrinsicAttributes & Omit<SynonymEditorProps, "title">'.
  Property 'title' does not exist on type 'IntrinsicAttributes & Omit<SynonymEditorProps, "title">'.
client/components/editor/properties/hooks/use-media.ts(175,7): error TS6133: 'onFileProgress' is declared but its value is never read.
client/components/editor/properties/hooks/use-properties-panel.ts(9,1): error TS6133: 'useMemo' is declared but its value is never read.
client/components/editor/properties/hooks/use-properties-panel.ts(152,19): error TS2719: Type '{ setIsBasicSettingsOpen: (open: boolean) => void; setIsMessageTextOpen: (open: boolean) => void; setIsMediaSectionOpen: (open: boolean) => void; setIsAutoTransitionOpen: (open: boolean) => void; setIsKeyboardSectionOpen: (open: boolean) => void; setIsConditionalMessagesSectionOpen: (open: boolean) => void; setIsUse...' is not assignable to type '{ setIsBasicSettingsOpen: (open: boolean) => void; setIsMessageTextOpen: (open: boolean) => void; setIsMediaSectionOpen: (open: boolean) => void; setIsAutoTransitionOpen: (open: boolean) => void; setIsKeyboardSectionOpen: (open: boolean) => void; setIsConditionalMessagesSectionOpen: (open: boolean) => void; setIsUse...'. Two different types with this name exist, but they are unrelated.
  Types of property 'setIsUserInputSectionOpen' are incompatible.
    Type 'boolean' is not assignable to type '(open: boolean) => void'.
client/components/editor/properties/hooks/use-properties-panel.ts(152,35): error TS2322: Type '{ handleMediaVariableSelect: (name: string, mediaType: string) => void; handleMediaVariableRemove: (name: string) => void; autoFixPriorities: (conditionalMessages: any[]) => void; }' is not assignable to type '{ handleMediaVariableSelect: (name: string, mediaType: string) => void; handleMediaVariableRemove: (name: string) => void; autoFixPriorities: () => void; }'.
  Types of property 'autoFixPriorities' are incompatible.
    Type '(conditionalMessages: any[]) => void' is not assignable to type '() => void'.
      Target signature provides too few arguments. Expected 1 or more, but got 0.
client/components/editor/properties/index.ts(20,1): error TS2308: Module './utils' has already exported a member named 'ProjectVariable'. Consider explicitly re-exporting to resolve the ambiguity.
client/components/editor/properties/index.ts(20,1): error TS2308: Module './utils' has already exported a member named 'RuleConflict'. Consider explicitly re-exporting to resolve the ambiguity.
client/components/editor/properties/media/enhanced-media-uploader.tsx(429,28): error TS2345: Argument of type 'MediaFile[]' is not assignable to parameter of type '{ id: number; createdAt: Date | null; updatedAt: Date | null; description: string | null; projectId: number; tags: string[] | null; isPublic: number | null; fileName: string; ... 5 more ...; usageCount: number | null; }[]'.
  Type 'MediaFile' is missing the following properties from type '{ id: number; createdAt: Date | null; updatedAt: Date | null; description: string | null; projectId: number; tags: string[] | null; isPublic: number | null; fileName: string; ... 5 more ...; usageCount: number | null; }': fileType, filePath, mimeType
client/components/editor/properties/utils/keyboard-layout-utils.ts(61,7): error TS6133: 'fromIndex' is declared but its value is never read.
client/components/editor/telegram-client/components/auth-status-panel.tsx(12,47): error TS6133: 'Loader2' is declared but its value is never read.
client/components/editor/telegram-client/components/index.ts(24,15): error TS2724: '"./qr-code-generator"' has no exported member named 'QrCodeGeneratorProps'. Did you mean 'QrCodeGenerator'?
client/components/editor/telegram-client/components/index.ts(40,15): error TS2724: '"./start-step-view"' has no exported member named 'StartStepViewProps'. Did you mean 'StartStepView'?
client/components/editor/telegram-client/components/index.ts(42,15): error TS2724: '"./qr-step-view"' has no exported member named 'QrStepViewProps'. Did you mean 'QrStepView'?
client/components/editor/telegram-client/components/index.ts(44,15): error TS2724: '"./qr-password-step-view"' has no exported member named 'QrPasswordStepViewProps'. Did you mean 'QrPasswordStepView'?
client/components/editor/telegram-client/hooks/qr-actions/refresh-qr-token.ts(59,9): error TS2322: Type 'string | undefined' is not assignable to type 'string'.
  Type 'undefined' is not assignable to type 'string'.
client/components/editor/telegram-client/hooks/qr-actions/refresh-qr-token.ts(60,9): error TS2322: Type 'string | undefined' is not assignable to type 'string'.
  Type 'undefined' is not assignable to type 'string'.
client/components/editor/telegram-client/types/telegram-auth-view-props.ts(7,15): error TS6196: 'AuthStep' is declared but never used.
client/components/editor/user-ids-db/user-id-list.tsx(38,3): error TS6133: 'onDelete' is declared but its value is never read.
client/components/editor/user-ids-db/user-ids-database.tsx(12,1): error TS6133: 'UserIdStats' is declared but its value is never read.
client/components/layout/flexible/components/side-panels-layout.tsx(58,9): error TS6133: 'hasRight' is declared but its value is never read.
client/components/layout/flexible/flexible-layout.tsx(5,53): error TS6133: 'isUsersTabLayout' is declared but its value is never read.
client/lib/bot-generator/CommandHandler/generateCommandNodeHandlerWithKeyboardAndImageSupport.ts(81,22): error TS2367: This comparison appears to be unintentional because the types '"selection" | "complete"' and '"command"' have no overlap.
client/lib/bot-generator/CommandHandler/generateConditionalMessageLogicAndKeyboard.ts(18,11): error TS2430: Interface 'NodeWithKeyboard' incorrectly extends interface '{ id: string; data: { options: string[]; can_manage_chat: boolean; can_change_info: boolean; can_delete_messages: boolean; can_invite_users: boolean; can_restrict_members: boolean; can_pin_messages: boolean; ... 170 more ...; saveToCsv?: boolean | undefined; }; type: "start" | ... 18 more ... | "broadcast"; position...'.
  Types of property 'data' are incompatible.
    Type '{ [key: string]: any; keyboardType?: "reply" | "inline" | "none" | undefined; buttons?: any[] | undefined; attachedMedia?: string[] | undefined; }' is missing the following properties from type '{ options: string[]; can_manage_chat: boolean; can_change_info: boolean; can_delete_messages: boolean; can_invite_users: boolean; can_restrict_members: boolean; can_pin_messages: boolean; ... 170 more ...; saveToCsv?: boolean | undefined; }': options, can_manage_chat, can_change_info, can_delete_messages, and 67 more.
client/lib/bot-generator/CommandHandler/generateKeyboardAndProcessAttachedMedia.ts(18,11): error TS2430: Interface 'NodeWithConditionalMessages' incorrectly extends interface '{ id: string; data: { options: string[]; can_manage_chat: boolean; can_change_info: boolean; can_delete_messages: boolean; can_invite_users: boolean; can_restrict_members: boolean; can_pin_messages: boolean; ... 170 more ...; saveToCsv?: boolean | undefined; }; type: "start" | ... 18 more ... | "broadcast"; position...'.
  Types of property 'data' are incompatible.
    Type '{ [key: string]: any; messageText?: string | undefined; enableConditionalMessages?: boolean | undefined; conditionalMessages?: any[] | undefined; }' is missing the following properties from type '{ options: string[]; can_manage_chat: boolean; can_change_info: boolean; can_delete_messages: boolean; can_invite_users: boolean; can_restrict_members: boolean; can_pin_messages: boolean; ... 170 more ...; saveToCsv?: boolean | undefined; }': options, can_manage_chat, can_change_info, can_delete_messages, and 68 more.
client/lib/bot-generator/CommandHandler/generateStartNodeHandlerWithConditionalLogicAndImages.ts(98,24): error TS2367: This comparison appears to be unintentional because the types '"selection" | "complete"' and '"command"' have no overlap.
client/lib/bot-generator/CommandHandler/initializeAndRestoreMultipleSelectionState.ts(19,11): error TS2430: Interface 'NodeWithButtons' incorrectly extends interface '{ id: string; data: { options: string[]; can_manage_chat: boolean; can_change_info: boolean; can_delete_messages: boolean; can_invite_users: boolean; can_restrict_members: boolean; can_pin_messages: boolean; ... 170 more ...; saveToCsv?: boolean | undefined; }; type: "start" | ... 18 more ... | "broadcast"; position...'.
  Types of property 'data' are incompatible.
    Type '{ [key: string]: any; allowMultipleSelection?: boolean | undefined; buttons?: { id: string; text: string; action: "url" | "goto" | "selection" | "complete"; skipDataCollection: boolean; ... 4 more ...; requestLocation?: boolean | undefined; }[] | undefined; continueButtonText?: string | undefined; }' is missing the following properties from type '{ options: string[]; can_manage_chat: boolean; can_change_info: boolean; can_delete_messages: boolean; can_invite_users: boolean; can_restrict_members: boolean; can_pin_messages: boolean; ... 170 more ...; saveToCsv?: boolean | undefined; }': options, can_manage_chat, can_change_info, can_delete_messages, and 68 more.
client/lib/bot-generator/CommandHandler/initializeAndRestoreMultipleSelectionState.ts(168,81): error TS18048: 'node.data.buttons' is possibly 'undefined'.
client/lib/bot-generator/Conditional/generateConditionalKeyboard.ts(40,82): error TS6133: 'nodeData' is declared but its value is never read.
client/lib/bot-generator/Conditional/generateConditionalKeyboard.ts(82,11): error TS2367: This comparison appears to be unintentional because the types '"url" | "goto" | "selection" | "complete"' and '"contact"' have no overlap.
client/lib/bot-generator/Conditional/generateConditionalKeyboard.ts(84,18): error TS2367: This comparison appears to be unintentional because the types '"url" | "goto" | "selection" | "complete"' and '"location"' have no overlap.
client/lib/bot-generator/imports/generate-command-imports.ts(26,49): error TS2367: This comparison appears to be unintentional because the types '"url" | "goto" | "selection" | "complete"' and '"command"' have no overlap.
client/lib/bot-generator/Keyboard/EXAMPLES.ts(24,7): error TS6133: 'layout1' is declared but its value is never read.
client/lib/bot-generator/Keyboard/EXAMPLES.ts(42,7): error TS6133: 'layout2' is declared but its value is never read.
client/lib/bot-generator/Keyboard/EXAMPLES.ts(46,7): error TS6133: 'layout3' is declared but its value is never read.
client/lib/bot-generator/Keyboard/EXAMPLES.ts(57,7): error TS6133: 'code1' is declared but its value is never read.
client/lib/bot-generator/Keyboard/EXAMPLES.ts(70,7): error TS6133: 'code2' is declared but its value is never read.
client/lib/bot-generator/Keyboard/EXAMPLES.ts(88,7): error TS6133: 'code3' is declared but its value is never read.
client/lib/bot-generator/Keyboard/EXAMPLES.ts(96,7): error TS6133: 'code4' is declared but its value is never read.
client/lib/bot-generator/Keyboard/EXAMPLES.ts(104,7): error TS6133: 'code5' is declared but its value is never read.
client/lib/bot-generator/Keyboard/EXAMPLES.ts(111,10): error TS6133: 'generateKeyboard' is declared but its value is never read.
client/lib/bot-generator/Keyboard/EXAMPLES.ts(111,27): error TS7006: Parameter 'node' implicitly has an 'any' type.
client/lib/bot-generator/Keyboard/EXAMPLES.ts(115,29): error TS7006: Parameter 'button' implicitly has an 'any' type.
client/lib/bot-generator/Keyboard/generate-reply-button-handlers.ts(422,30): error TS2367: This comparison appears to be unintentional because the types '"selection" | "complete"' and '"command"' have no overlap.
client/lib/bot-generator/Keyboard/generateInlineKeyboardCode.ts(105,54): error TS2345: Argument of type 'string | undefined' is not assignable to parameter of type 'string'.
  Type 'undefined' is not assignable to type 'string'.
client/lib/bot-generator/Keyboard/generateKeyboard.ts(8,1): error TS6133: 'calculateOptimalColumns' is declared but its value is never read.
client/lib/bot-generator/Keyboard/generateKeyboard.ts(138,13): error TS2367: This comparison appears to be unintentional because the types '"url" | "goto" | "selection" | "complete"' and '"contact"' have no overlap.
client/lib/bot-generator/Keyboard/generateKeyboard.ts(140,20): error TS2367: This comparison appears to be unintentional because the types '"url" | "goto" | "selection" | "complete"' and '"location"' have no overlap.
client/lib/bot-generator/Keyboard/generateKeyboard.ts(322,15): error TS2367: This comparison appears to be unintentional because the types '"url" | "goto" | "selection" | "complete"' and '"contact"' have no overlap.
client/lib/bot-generator/Keyboard/generateKeyboard.ts(324,22): error TS2367: This comparison appears to be unintentional because the types '"url" | "goto" | "selection" | "complete"' and '"location"' have no overlap.
client/lib/bot-generator/Keyboard/generateKeyboard.ts(362,15): error TS2367: This comparison appears to be unintentional because the types '"url" | "goto" | "selection" | "complete"' and '"contact"' have no overlap.
client/lib/bot-generator/Keyboard/generateKeyboard.ts(364,22): error TS2367: This comparison appears to be unintentional because the types '"url" | "goto" | "selection" | "complete"' and '"location"' have no overlap.
client/lib/bot-generator/Keyboard/generateKeyboard.ts(435,17): error TS6133: 'continueText' is declared but its value is never read.
client/lib/bot-generator/Keyboard/generateKeyboard.ts(449,11): error TS18048: 'node.data.keyboardLayout' is possibly 'undefined'.
client/lib/bot-generator/Keyboard/generateKeyboard.ts(512,15): error TS6133: 'allButtons' is declared but its value is never read.
client/lib/bot-generator/Keyboard/generateKeyboardLayoutCode.ts(24,3): error TS6133: 'totalButtons' is declared but its value is never read.
client/lib/bot-generator/Keyboard/generateKeyboardOnly.ts(37,11): error TS2367: This comparison appears to be unintentional because the types '"url" | "goto" | "selection" | "complete"' and '"contact"' have no overlap.
client/lib/bot-generator/Keyboard/generateKeyboardOnly.ts(39,18): error TS2367: This comparison appears to be unintentional because the types '"url" | "goto" | "selection" | "complete"' and '"location"' have no overlap.
client/lib/bot-generator/Keyboard/generateMultiSelectCallbackLogic.ts(3,1): error TS6133: 'calculateOptimalColumns' is declared but its value is never read.
client/lib/bot-generator/logging/save_message_to_api.ts(18,58): error TS6133: 'projectId' is declared but its value is never read.
client/lib/bot-generator/map-utils/hasLocationFeatures.ts(31,7): error TS2367: This comparison appears to be unintentional because the types 'ButtonActionOverride' and '"location"' have no overlap.
client/lib/bot-generator/MessageHandlers/generateMessageNodeHandlerWithKeyboardAndInputCollection.ts(112,28): error TS2367: This comparison appears to be unintentional because the types '"selection" | "complete"' and '"command"' have no overlap.
client/lib/bot-generator/node-handlers/generate-media-handlers.ts(153,16): error TS2367: This comparison appears to be unintentional because the types '"selection" | "complete"' and '"command"' have no overlap.
client/lib/bot-generator/node-navigation/handle-input-collection.ts(61,16): error TS2367: This comparison appears to be unintentional because the types '"url" | "goto" | "selection" | "complete"' and '"command"' have no overlap.
client/lib/bot-generator/node-navigation/handle-input-collection.ts(88,9): error TS2367: This comparison appears to be unintentional because the types '"url" | "goto" | "selection" | "complete"' and '"contact"' have no overlap.
client/lib/bot-generator/node-navigation/handle-input-collection.ts(90,16): error TS2367: This comparison appears to be unintentional because the types '"url" | "goto" | "selection" | "complete"' and '"location"' have no overlap.
client/lib/bot-generator/node-navigation/handle-keyboard-navigation.ts(51,16): error TS2367: This comparison appears to be unintentional because the types '"url" | "goto" | "selection" | "complete"' and '"command"' have no overlap.
client/lib/bot-generator/node-navigation/handle-keyboard-navigation.ts(78,9): error TS2367: This comparison appears to be unintentional because the types '"url" | "goto" | "selection" | "complete"' and '"contact"' have no overlap.
client/lib/bot-generator/node-navigation/handle-keyboard-navigation.ts(80,16): error TS2367: This comparison appears to be unintentional because the types '"url" | "goto" | "selection" | "complete"' and '"location"' have no overlap.
client/lib/bot-generator/transitions/generate-conditional-message.ts(154,11): error TS2367: This comparison appears to be unintentional because the types '"url" | "goto" | "selection" | "complete"' and '"contact"' have no overlap.
client/lib/bot-generator/transitions/generate-conditional-message.ts(156,18): error TS2367: This comparison appears to be unintentional because the types '"url" | "goto" | "selection" | "complete"' and '"location"' have no overlap.
client/lib/bot-generator/transitions/keyboard/generate-regular-inline-keyboard.ts(45,16): error TS2367: This comparison appears to be unintentional because the types '"goto" | "selection" | "complete"' and '"command"' have no overlap.
client/lib/bot-generator/transitions/keyboard/generate-regular-reply-keyboard.ts(51,11): error TS2367: This comparison appears to be unintentional because the types '"url" | "goto" | "selection" | "complete"' and '"contact"' have no overlap.
client/lib/bot-generator/transitions/keyboard/generate-regular-reply-keyboard.ts(53,18): error TS2367: This comparison appears to be unintentional because the types '"url" | "goto" | "selection" | "complete"' and '"location"' have no overlap.
client/lib/bot-generator/transitions/keyboard/generate-regular-reply-keyboard.ts(68,11): error TS2367: This comparison appears to be unintentional because the types '"url" | "goto" | "selection" | "complete"' and '"contact"' have no overlap.
client/lib/bot-generator/transitions/keyboard/generate-regular-reply-keyboard.ts(70,18): error TS2367: This comparison appears to be unintentional because the types '"url" | "goto" | "selection" | "complete"' and '"location"' have no overlap.
client/lib/bot-generator/transitions/multi-select/generate-multi-select-inline-keyboard.ts(12,1): error TS6133: 'escapePythonString' is declared but its value is never read.
client/lib/bot-generator/transitions/multi-select/generate-multi-select-inline-keyboard.ts(65,16): error TS2367: This comparison appears to be unintentional because the types '"goto" | "selection" | "complete"' and '"command"' have no overlap.
client/lib/tests/integration/media-bot-generation.test.ts(13,10): error TS2305: Module '"../../bot-generator"' has no exported member 'generateBotCode'.
client/lib/tests/integration/media-bot-generation.test.ts(14,15): error TS2724: '"../../bot-generator/types"' has no exported member named 'BotGeneratorContext'. Did you mean 'GenerationContext'?
client/lib/tests/unit/to-enhanced-node.test.ts(58,51): error TS2339: Property 'buttonType' does not exist on type '{ id: string; text: string; action: "url" | "goto" | "selection" | "complete"; skipDataCollection: boolean; hideAfterClick: boolean; url?: string | undefined; target?: string | undefined; requestContact?: boolean | undefined; requestLocation?: boolean | undefined; } | ({ ...; } & ButtonOverride)'.
  Property 'buttonType' does not exist on type '{ id: string; text: string; action: "url" | "goto" | "selection" | "complete"; skipDataCollection: boolean; hideAfterClick: boolean; url?: string | undefined; target?: string | undefined; requestContact?: boolean | undefined; requestLocation?: boolean | undefined; }'.
client/pages/editor/hooks/use-code-panel-handlers.ts(48,5): error TS6133: 'currentTab' is declared but its value is never read.
client/pages/editor/hooks/use-dialog-handlers.ts(9,33): error TS6133: 'useEffect' is declared but its value is never read.
server/files/index.ts(9,34): error TS2307: Cannot find module './recreateBotFiles' or its corresponding type declarations.
server/routes/routes.ts(505,46): error TS7030: Not all code paths return a value.
server/routes/routes.ts(604,57): error TS7030: Not all code paths return a value.
server/routes/routes.ts(690,40): error TS7030: Not all code paths return a value.
server/routes/routes.ts(732,30): error TS7030: Not all code paths return a value.
server/routes/routes.ts(771,48): error TS7030: Not all code paths return a value.
server/routes/routes.ts(817,33): error TS7030: Not all code paths return a value.
server/routes/routes.ts(846,58): error TS7030: Not all code paths return a value.
server/routes/routes.ts(875,68): error TS7030: Not all code paths return a value.
server/routes/routes.ts(892,47): error TS7030: Not all code paths return a value.
server/routes/routes.ts(914,45): error TS7030: Not all code paths return a value.
server/routes/routes.ts(947,67): error TS7030: Not all code paths return a value.
server/routes/routes.ts(1058,80): error TS7030: Not all code paths return a value.
server/routes/routes.ts(1191,36): error TS7030: Not all code paths return a value.
server/routes/routes.ts(1250,50): error TS7030: Not all code paths return a value.
server/routes/routes.ts(1397,51): error TS7030: Not all code paths return a value.
server/routes/routes.ts(1570,29): error TS7030: Not all code paths return a value.
server/routes/routes.ts(1587,29): error TS7030: Not all code paths return a value.
server/routes/routes.ts(1606,32): error TS7030: Not all code paths return a value.
server/routes/routes.ts(1638,43): error TS7030: Not all code paths return a value.
server/routes/routes.ts(1656,34): error TS7030: Not all code paths return a value.
server/routes/routes.ts(1931,29): error TS7030: Not all code paths return a value.
server/routes/routes.ts(1945,53): error TS7030: Not all code paths return a value.
server/routes/routes.ts(1960,39): error TS7030: Not all code paths return a value.
server/routes/routes.ts(1978,29): error TS7030: Not all code paths return a value.
server/routes/routes.ts(2045,32): error TS7030: Not all code paths return a value.
server/routes/routes.ts(2133,45): error TS7030: Not all code paths return a value.
server/routes/routes.ts(2150,42): error TS7030: Not all code paths return a value.
server/routes/routes.ts(2164,35): error TS7030: Not all code paths return a value.
server/routes/routes.ts(2189,44): error TS7030: Not all code paths return a value.
server/routes/routes.ts(2212,48): error TS2339: Property 'sendCode' does not exist on type 'TelegramAuthService'.
server/routes/routes.ts(2252,46): error TS7030: Not all code paths return a value.
server/routes/routes.ts(2282,48): error TS2339: Property 'verifyCode' does not exist on type 'TelegramAuthService'.
server/routes/routes.ts(2336,46): error TS7030: Not all code paths return a value.
server/routes/routes.ts(2358,48): error TS2339: Property 'resendCode' does not exist on type 'TelegramAuthService'.
server/routes/routes.ts(2390,45): error TS7030: Not all code paths return a value.
server/routes/routes.ts(2412,48): error TS2339: Property 'resendCode' does not exist on type 'TelegramAuthService'.
server/routes/routes.ts(2443,46): error TS7030: Not all code paths return a value.
server/routes/routes.ts(2533,45): error TS7030: Not all code paths return a value.
server/routes/routes.ts(2587,43): error TS7030: Not all code paths return a value.
server/routes/routes.ts(2715,50): error TS7030: Not all code paths return a value.
server/routes/routes.ts(2783,51): error TS7030: Not all code paths return a value.
server/routes/routes.ts(2877,68): error TS7030: Not all code paths return a value.
server/routes/routes.ts(2904,67): error TS7030: Not all code paths return a value.
server/routes/routes.ts(2931,72): error TS7030: Not all code paths return a value.
server/routes/routes.ts(2958,71): error TS7030: Not all code paths return a value.
server/routes/routes.ts(2985,70): error TS7030: Not all code paths return a value.
server/routes/routes.ts(3167,36): error TS7030: Not all code paths return a value.
server/routes/routes.ts(3185,49): error TS7030: Not all code paths return a value.
server/routes/routes.ts(3209,46): error TS7030: Not all code paths return a value.
server/routes/routes.ts(3234,33): error TS7030: Not all code paths return a value.
server/routes/routes.ts(3266,36): error TS7030: Not all code paths return a value.
server/routes/routes.ts(3294,54): error TS7030: Not all code paths return a value.
server/routes/routes.ts(3353,39): error TS7030: Not all code paths return a value.
server/routes/routes.ts(3373,39): error TS7030: Not all code paths return a value.
server/routes/routes.ts(3387,43): error TS7030: Not all code paths return a value.
server/routes/routes.ts(3401,39): error TS7030: Not all code paths return a value.
server/routes/routes.ts(3422,43): error TS7030: Not all code paths return a value.
server/routes/routes.ts(3443,24): error TS7030: Not all code paths return a value.
server/telegram/services/client/chat-module.ts(81,24): error TS2345: Argument of type 'TelegramClient | null' is not assignable to parameter of type 'TelegramClient'.
  Type 'null' is not assignable to type 'TelegramClient'.
server/telegram/services/client/group-module.ts(20,3): error TS6133: 'validateUserId' is declared but its value is never read.
server/telegram/services/client/restore-session.ts(7,1): error TS6133: 'Api' is declared but its value is never read.
server/telegram/services/client/save-session-with-check.ts(16,3): error TS6133: 'userId' is declared but its value is never read.
server/telegram/services/client/save-session-with-check.ts(22,3): error TS2322: Type 'Promise<string | null>' is not assignable to type 'string'.
server/telegram/services/client/session-manager.ts(15,20): error TS6133: 'sessions' is declared but its value is never read.
server/telegram/services/client/session-manager.ts(16,20): error TS6133: 'authStatus' is declared but its value is never read.
server/telegram/services/client/set-chat-description.ts(26,24): error TS2339: Property 'EditAbout' does not exist on type 'typeof channels'.
server/telegram/services/client/set-chat-photo-with-check.ts(19,3): error TS6133: 'userId' is declared but its value is never read.
server/telegram/services/client/set-chat-username-with-check.ts(19,3): error TS6133: 'userId' is declared but its value is never read.
server/telegram/utils/validation/combine-validation-results.ts(27,5): error TS2322: Type '{ code: string; message: string; field?: string | undefined; }[]' is not assignable to type 'ValidationError[]'.
  Type '{ code: string; message: string; field?: string | undefined; }' is not assignable to type 'ValidationError'.
    Types of property 'code' are incompatible.
      Type 'string' is not assignable to type 'ValidationErrorCode'.
